Archive member included because of file (symbol)

c:/program files/codesourcery/sourcery g++ lite/bin/../lib/gcc/arm-none-eabi/4.4.1/../../../../arm-none-eabi/lib/thumb2\libc.a(lib_a-atoi.o)
                              ./SERVER/websrv_help_functions.o (atoi)
c:/program files/codesourcery/sourcery g++ lite/bin/../lib/gcc/arm-none-eabi/4.4.1/../../../../arm-none-eabi/lib/thumb2\libc.a(lib_a-ctype_.o)
                              ./src/conversion.o (__ctype_ptr__)
c:/program files/codesourcery/sourcery g++ lite/bin/../lib/gcc/arm-none-eabi/4.4.1/../../../../arm-none-eabi/lib/thumb2\libc.a(lib_a-errno.o)
                              ./src/init_func.o (__errno)
c:/program files/codesourcery/sourcery g++ lite/bin/../lib/gcc/arm-none-eabi/4.4.1/../../../../arm-none-eabi/lib/thumb2\libc.a(lib_a-impure.o)
                              c:/program files/codesourcery/sourcery g++ lite/bin/../lib/gcc/arm-none-eabi/4.4.1/../../../../arm-none-eabi/lib/thumb2\libc.a(lib_a-errno.o) (_impure_ptr)
c:/program files/codesourcery/sourcery g++ lite/bin/../lib/gcc/arm-none-eabi/4.4.1/../../../../arm-none-eabi/lib/thumb2\libc.a(lib_a-init.o)
                              ./Setup/startup_stm32f10x_cl.o (__libc_init_array)
c:/program files/codesourcery/sourcery g++ lite/bin/../lib/gcc/arm-none-eabi/4.4.1/../../../../arm-none-eabi/lib/thumb2\libc.a(lib_a-isblank.o)
                              ./SERVER/tcpip/ip_arp_udp_tcp.o (isblank)
c:/program files/codesourcery/sourcery g++ lite/bin/../lib/gcc/arm-none-eabi/4.4.1/../../../../arm-none-eabi/lib/thumb2\libc.a(lib_a-memcmp.o)
                              ./SERVER/tcpip/ip_arp_udp_tcp.o (memcmp)
c:/program files/codesourcery/sourcery g++ lite/bin/../lib/gcc/arm-none-eabi/4.4.1/../../../../arm-none-eabi/lib/thumb2\libc.a(lib_a-memcpy.o)
                              ./SERVER/tcpip/ip_arp_udp_tcp.o (memcpy)
c:/program files/codesourcery/sourcery g++ lite/bin/../lib/gcc/arm-none-eabi/4.4.1/../../../../arm-none-eabi/lib/thumb2\libc.a(lib_a-sprintf.o)
                              ./SERVER/serverWWW.o (sprintf)
c:/program files/codesourcery/sourcery g++ lite/bin/../lib/gcc/arm-none-eabi/4.4.1/../../../../arm-none-eabi/lib/thumb2\libc.a(lib_a-strcmp.o)
                              ./CMD/CMD_commands.o (strcmp)
c:/program files/codesourcery/sourcery g++ lite/bin/../lib/gcc/arm-none-eabi/4.4.1/../../../../arm-none-eabi/lib/thumb2\libc.a(lib_a-strlen.o)
                              ./usart/usart.o (strlen)
c:/program files/codesourcery/sourcery g++ lite/bin/../lib/gcc/arm-none-eabi/4.4.1/../../../../arm-none-eabi/lib/thumb2\libc.a(lib_a-strncmp.o)
                              ./SERVER/serverWWW.o (strncmp)
c:/program files/codesourcery/sourcery g++ lite/bin/../lib/gcc/arm-none-eabi/4.4.1/../../../../arm-none-eabi/lib/thumb2\libc.a(lib_a-strtol.o)
                              c:/program files/codesourcery/sourcery g++ lite/bin/../lib/gcc/arm-none-eabi/4.4.1/../../../../arm-none-eabi/lib/thumb2\libc.a(lib_a-atoi.o) (_strtol_r)
c:/program files/codesourcery/sourcery g++ lite/bin/../lib/gcc/arm-none-eabi/4.4.1/../../../../arm-none-eabi/lib/thumb2\libc.a(lib_a-svfprintf.o)
                              c:/program files/codesourcery/sourcery g++ lite/bin/../lib/gcc/arm-none-eabi/4.4.1/../../../../arm-none-eabi/lib/thumb2\libc.a(lib_a-sprintf.o) (_svfprintf_r)
c:/program files/codesourcery/sourcery g++ lite/bin/../lib/gcc/arm-none-eabi/4.4.1/../../../../arm-none-eabi/lib/thumb2\libc.a(lib_a-dtoa.o)
                              c:/program files/codesourcery/sourcery g++ lite/bin/../lib/gcc/arm-none-eabi/4.4.1/../../../../arm-none-eabi/lib/thumb2\libc.a(lib_a-svfprintf.o) (_dtoa_r)
c:/program files/codesourcery/sourcery g++ lite/bin/../lib/gcc/arm-none-eabi/4.4.1/../../../../arm-none-eabi/lib/thumb2\libc.a(lib_a-freer.o)
                              c:/program files/codesourcery/sourcery g++ lite/bin/../lib/gcc/arm-none-eabi/4.4.1/../../../../arm-none-eabi/lib/thumb2\libc.a(lib_a-svfprintf.o) (_free_r)
c:/program files/codesourcery/sourcery g++ lite/bin/../lib/gcc/arm-none-eabi/4.4.1/../../../../arm-none-eabi/lib/thumb2\libc.a(lib_a-locale.o)
                              c:/program files/codesourcery/sourcery g++ lite/bin/../lib/gcc/arm-none-eabi/4.4.1/../../../../arm-none-eabi/lib/thumb2\libc.a(lib_a-svfprintf.o) (_localeconv_r)
c:/program files/codesourcery/sourcery g++ lite/bin/../lib/gcc/arm-none-eabi/4.4.1/../../../../arm-none-eabi/lib/thumb2\libc.a(lib_a-malloc.o)
                              c:/program files/codesourcery/sourcery g++ lite/bin/../lib/gcc/arm-none-eabi/4.4.1/../../../../arm-none-eabi/lib/thumb2\libc.a(lib_a-dtoa.o) (malloc)
c:/program files/codesourcery/sourcery g++ lite/bin/../lib/gcc/arm-none-eabi/4.4.1/../../../../arm-none-eabi/lib/thumb2\libc.a(lib_a-mallocr.o)
[...]
Memory Configuration

Name             Origin             Length             Attributes
FLASH            0x08000000         0x00020000         xr
RAM              0x20000000         0x0000c000         xrw
MEMORY_B1        0x60000000         0x00000000         xr
*default*        0x00000000         0xffffffff

Linker script and memory map

LOAD c:/program files/codesourcery/sourcery g++ lite/bin/../lib/gcc/arm-none-eabi/4.4.1/thumb2/crti.o
LOAD c:/program files/codesourcery/sourcery g++ lite/bin/../lib/gcc/arm-none-eabi/4.4.1/thumb2/crtbegin.o
LOAD ./usart/usart.o
LOAD ./src/conversion.o
LOAD ./src/delay.o
LOAD ./src/init_func.o
LOAD ./src/min_printf.o
LOAD ./src/ringbuffer.o
LOAD ./src/stm32f10x_it.o
LOAD ./sd_card/fatfs/fattime.o
LOAD ./sd_card/fatfs/ff.o
LOAD ./sd_card/fatfs/sd_spi_stm32.o
LOAD ./rc5/rc5.o
LOAD ./enc28j60/enc28j60.o
LOAD ./enc28j60/spi.o
LOAD ./Setup/startup_stm32f10x_cl.o
LOAD ./SERVER/tcpip/ip_arp_udp_tcp.o
LOAD ./SERVER/dhcp_client.o
LOAD ./SERVER/dnslkup.o
LOAD ./SERVER/serverWWW.o
LOAD ./SERVER/timeconversions.o
LOAD ./SERVER/websrv_help_functions.o
LOAD ./RTC/rtc.o
LOAD ./Library/STM32F10x_StdPeriph_Driver/src/misc.o
LOAD ./Library/STM32F10x_StdPeriph_Driver/src/stm32f10x_adc.o
LOAD ./Library/STM32F10x_StdPeriph_Driver/src/stm32f10x_bkp.o
LOAD ./Library/STM32F10x_StdPeriph_Driver/src/stm32f10x_can.o
LOAD ./Library/STM32F10x_StdPeriph_Driver/src/stm32f10x_cec.o
LOAD ./Library/STM32F10x_StdPeriph_Driver/src/stm32f10x_crc.o
LOAD ./Library/STM32F10x_StdPeriph_Driver/src/stm32f10x_dac.o
LOAD ./Library/STM32F10x_StdPeriph_Driver/src/stm32f10x_dbgmcu.o
LOAD ./Library/STM32F10x_StdPeriph_Driver/src/stm32f10x_dma.o
LOAD ./Library/STM32F10x_StdPeriph_Driver/src/stm32f10x_exti.o
LOAD ./Library/STM32F10x_StdPeriph_Driver/src/stm32f10x_flash.o
LOAD ./Library/STM32F10x_StdPeriph_Driver/src/stm32f10x_fsmc.o
LOAD ./Library/STM32F10x_StdPeriph_Driver/src/stm32f10x_gpio.o
LOAD ./Library/STM32F10x_StdPeriph_Driver/src/stm32f10x_i2c.o
LOAD ./Library/STM32F10x_StdPeriph_Driver/src/stm32f10x_iwdg.o
LOAD ./Library/STM32F10x_StdPeriph_Driver/src/stm32f10x_pwr.o
LOAD ./Library/STM32F10x_StdPeriph_Driver/src/stm32f10x_rcc.o
LOAD ./Library/STM32F10x_StdPeriph_Driver/src/stm32f10x_rtc.o
LOAD ./Library/STM32F10x_StdPeriph_Driver/src/stm32f10x_sdio.o
LOAD ./Library/STM32F10x_StdPeriph_Driver/src/stm32f10x_spi.o
LOAD ./Library/STM32F10x_StdPeriph_Driver/src/stm32f10x_tim.o
LOAD ./Library/STM32F10x_StdPeriph_Driver/src/stm32f10x_usart.o
LOAD ./Library/STM32F10x_StdPeriph_Driver/src/stm32f10x_wwdg.o
LOAD ./Library/CMSIS/CM3/DeviceSupport/ST/STM32F10x/system_stm32f10x.o
LOAD ./Library/CMSIS/CM3/CoreSupport/core_cm3.o
LOAD ./CMD/CMD_commands.o
LOAD ./CMD/cmd.o
LOAD ./1wire/1wire.o
LOAD ./1wire/temp_read.o
LOAD ./main.o
LOAD c:/program files/codesourcery/sourcery g++ lite/bin/../lib/gcc/arm-none-eabi/4.4.1/../../../../arm-none-eabi/lib/thumb2\libstdc++.a
LOAD c:/program files/codesourcery/sourcery g++ lite/bin/../lib/gcc/arm-none-eabi/4.4.1/../../../../arm-none-eabi/lib/thumb2\libm.a
START GROUP
LOAD c:/program files/codesourcery/sourcery g++ lite/bin/../lib/gcc/arm-none-eabi/4.4.1/thumb2\libgcc.a
LOAD c:/program files/codesourcery/sourcery g++ lite/bin/../lib/gcc/arm-none-eabi/4.4.1/../../../../arm-none-eabi/lib/thumb2\libc.a
END GROUP
LOAD c:/program files/codesourcery/sourcery g++ lite/bin/../lib/gcc/arm-none-eabi/4.4.1/thumb2/crtend.o
LOAD c:/program files/codesourcery/sourcery g++ lite/bin/../lib/gcc/arm-none-eabi/4.4.1/thumb2/crtn.o
                0x20002000                _estack = 0x20002000
                0x00000000                _Min_Heap_Size = 0x0
                0x00000400                _Min_Stack_Size = 0x400

.isr_vector     0x08000000      0x1e4
                0x08000000                . = ALIGN (0x4)
 *(.isr_vector)
 .isr_vector    0x08000000      0x1e4 ./Setup/startup_stm32f10x_cl.o
                0x08000000                g_pfnVectors
                0x080001e4                . = ALIGN (0x4)

.text           0x080001e8     0xd4b4
                0x080001e8                . = ALIGN (0x4)
 *(.text)
 .text          0x080001e8       0x30 c:/program files/codesourcery/sourcery g++ lite/bin/../lib/gcc/arm-none-eabi/4.4.1/thumb2/crtbegin.o
 .text          0x08000218        0xc c:/program files/codesourcery/sourcery g++ lite/bin/../lib/gcc/arm-none-eabi/4.4.1/../../../../arm-none-eabi/lib/thumb2\libc.a(lib_a-errno.o)
                0x08000218                __errno
 .text          0x08000224       0x50 c:/program files/codesourcery/sourcery g++ lite/bin/../lib/gcc/arm-none-eabi/4.4.1/../../../../arm-none-eabi/lib/thumb2\libc.a(lib_a-init.o)
                0x08000224                __libc_init_array
 .text          0x08000274       0x14 c:/program files/codesourcery/sourcery g++ lite/bin/../lib/gcc/arm-none-eabi/4.4.1/../../../../arm-none-eabi/lib/thumb2\libc.a(lib_a-isblank.o)
                0x08000274                isblank
 .text          0x08000288       0x64 c:/program files/codesourcery/sourcery g++ lite/bin/../lib/gcc/arm-none-eabi/4.4.1/../../../../arm-none-eabi/lib/thumb2\libc.a(lib_a-memcmp.o)
                0x08000288                memcmp
 .text          0x080002ec      0x190 c:/program files/codesourcery/sourcery g++ lite/bin/../lib/gcc/arm-none-eabi/4.4.1/../../../../arm-none-eabi/lib/thumb2\libc.a(lib_a-memcpy.o)
                0x080002ec                memcpy
 .text          0x0800047c       0x94 c:/program files/codesourcery/sourcery g++ lite/bin/../lib/gcc/arm-none-eabi/4.4.1/../../../../arm-none-eabi/lib/thumb2\libc.a(lib_a-sprintf.o)
                0x0800047c                sprintf
                0x080004cc                _sprintf_r
 .text          0x08000510      0x1dc c:/program files/codesourcery/sourcery g++ lite/bin/../lib/gcc/arm-none-eabi/4.4.1/../../../../arm-none-eabi/lib/thumb2\libc.a(lib_a-strcmp.o)
                0x08000510                strcmp
 .text          0x080006ec       0x60 c:/program files/codesourcery/sourcery g++ lite/bin/../lib/gcc/arm-none-eabi/4.4.1/../../../../arm-none-eabi/lib/thumb2\libc.a(lib_a-strlen.o)
                0x080006ec                strlen
 .text          0x0800074c       0xa8 c:/program files/codesourcery/sourcery g++ lite/bin/../lib/gcc/arm-none-eabi/4.4.1/../../../../arm-none-eabi/lib/thumb2\libc.a(lib_a-strncmp.o)
                0x0800074c                strncmp
 .text          0x080007f4     0x15a8 c:/program files/codesourcery/sourcery g++ lite/bin/../lib/gcc/arm-none-eabi/4.4.1/../../../../arm-none-eabi/lib/thumb2\libc.a(lib_a-svfprintf.o)
                0x08000910                _svfprintf_r
 *fill*         0x08001d9c        0x4 00
 .text          0x08001da0      0xfb8 c:/program files/codesourcery/sourcery g++ lite/bin/../lib/gcc/arm-none-eabi/4.4.1/../../../../arm-none-eabi/lib/thumb2\libc.a(lib_a-dtoa.o)
                0x08001ec0                _dtoa_r
 .text          0x08002d58      0x268 c:/program files/codesourcery/sourcery g++ lite/bin/../lib/gcc/arm-none-eabi/4.4.1/../../../../arm-none-eabi/lib/thumb2\libc.a(lib_a-freer.o)
                0x08002d58                _malloc_trim_r
                0x08002e00                _free_r
 .text          0x08002fc0       0x74 c:/program files/codesourcery/sourcery g++ lite/bin/../lib/gcc/arm-none-eabi/4.4.1/../../../../arm-none-eabi/lib/thumb2\libc.a(lib_a-locale.o)
                0x08002fc0                __locale_charset
                0x08002fcc                _localeconv_r
                0x08002fd4                localeconv
                0x08002fdc                _setlocale_r
                0x08003024                setlocale
 .text          0x08003034       0x20 c:/program files/codesourcery/sourcery g++ lite/bin/../lib/gcc/arm-none-eabi/4.4.1/../../../../arm-none-eabi/lib/thumb2\libc.a(lib_a-malloc.o)
                0x08003034                free
                0x08003044                malloc
 .text          0x08003054      0x5a4 c:/program files/codesourcery/sourcery g++ lite/bin/../lib/gcc/arm-none-eabi/4.4.1/../../../../arm-none-eabi/lib/thumb2\libc.a(lib_a-mallocr.o)
                0x08003054                _malloc_r
 .text          0x080035f8       0x74 c:/program files/codesourcery/sourcery g++ lite/bin/../lib/gcc/arm-none-eabi/4.4.1/../../../../arm-none-eabi/lib/thumb2\libc.a(lib_a-memchr.o)
                0x080035f8                memchr
 .text          0x0800366c       0xb8 c:/program files/codesourcery/sourcery g++ lite/bin/../lib/gcc/arm-none-eabi/4.4.1/../../../../arm-none-eabi/lib/thumb2\libc.a(lib_a-memmove.o)
                0x0800366c                memmove
 .text          0x08003724        0x8 c:/program files/codesourcery/sourcery g++ lite/bin/../lib/gcc/arm-none-eabi/4.4.1/../../../../arm-none-eabi/lib/thumb2\libc.a(lib_a-mlock.o)
                0x08003724                __malloc_lock
                0x08003728                __malloc_unlock
 .text          0x0800372c      0x958 c:/program files/codesourcery/sourcery g++ lite/bin/../lib/gcc/arm-none-eabi/4.4.1/../../../../arm-none-eabi/lib/thumb2\libc.a(lib_a-mprec.o)
                0x0800372c                __hi0bits
                0x0800376c                __lo0bits
                0x080037d0                __mcmp
                0x08003810                __ulp
                0x0800385c                __b2d
                0x08003904                __ratio
                0x08003964                _mprec_log10
                0x0800399c                __copybits
                0x080039ec                __any_on
                0x08003a44                _Bfree
                0x08003a7c                _Balloc
                0x08003ae8                __d2b
                0x08003bb8                __mdiff
                0x08003cb0                __lshift
                0x08003d6c                __multiply
                0x08003ea0                __i2b
                0x08003eb4                __multadd
                0x08003f3c                __pow5mult
                0x08003fe8                __s2b
 .text          0x08004084      0x3b4 c:/program files/codesourcery/sourcery g++ lite/bin/../lib/gcc/arm-none-eabi/4.4.1/../../../../arm-none-eabi/lib/thumb2\libc.a(lib_a-reallocr.o)
                0x08004084                _realloc_r
 .text          0x08004438       0x24 c:/program files/codesourcery/sourcery g++ lite/bin/../lib/gcc/arm-none-eabi/4.4.1/../../../../arm-none-eabi/lib/thumb2\libc.a(lib_a-s_isinfd.o)
                0x08004438                __isinfd
 .text          0x0800445c       0x1c c:/program files/codesourcery/sourcery g++ lite/bin/../lib/gcc/arm-none-eabi/4.4.1/../../../../arm-none-eabi/lib/thumb2\libc.a(lib_a-s_isnand.o)
                0x0800445c                __isnand
 .text          0x08004478       0x28 c:/program files/codesourcery/sourcery g++ lite/bin/../lib/gcc/arm-none-eabi/4.4.1/../../../../arm-none-eabi/lib/thumb2\libc.a(lib_a-sbrkr.o)
                0x08004478                _sbrk_r
 .text          0x080044a0       0x5c c:/program files/codesourcery/sourcery g++ lite/bin/../lib/gcc/arm-none-eabi/4.4.1/../../../../arm-none-eabi/lib/thumb2\libc.a(lib_a-callocr.o)
                0x080044a0                _calloc_r
 .text          0x080044fc       0xd4 c:/program files/codesourcery/sourcery g++ lite/bin/../lib/gcc/arm-none-eabi/4.4.1/../../../../arm-none-eabi/lib/thumb2\libc.a(lib_a-memset.o)
                0x080044fc                memset
 .text          0x080045d0      0x278 c:/program files/codesourcery/sourcery g++ lite/bin/../lib/gcc/arm-none-eabi/4.4.1/thumb2\libgcc.a(_udivsi3.o)
                0x080045d0                __aeabi_uidiv
                0x080045d0                __udivsi3
                0x0800482c                __aeabi_uidivmod
 .text          0x08004848        0x4 c:/program files/codesourcery/sourcery g++ lite/bin/../lib/gcc/arm-none-eabi/4.4.1/thumb2\libgcc.a(_dvmd_tls.o)
                0x08004848                __aeabi_idiv0
                0x08004848                __aeabi_ldiv0
 .text          0x0800484c      0x370 c:/program files/codesourcery/sourcery g++ lite/bin/../lib/gcc/arm-none-eabi/4.4.1/thumb2\libgcc.a(_arm_addsubdf3.o)
                0x0800484c                __aeabi_drsub
                0x08004854                __aeabi_dsub
                0x08004854                __subdf3
                0x08004858                __aeabi_dadd
                0x08004858                __adddf3
                0x08004ad0                __floatunsidf
                0x08004ad0                __aeabi_ui2d
                0x08004af0                __floatsidf
                0x08004af0                __aeabi_i2d
                0x08004b14                __aeabi_f2d
                0x08004b14                __extendsfdf2
                0x08004b50                __floatundidf
                0x08004b50                __aeabi_ul2d
                0x08004b60                __floatdidf
                0x08004b60                __aeabi_l2d
 .text          0x08004bbc      0x424 c:/program files/codesourcery/sourcery g++ lite/bin/../lib/gcc/arm-none-eabi/4.4.1/thumb2\libgcc.a(_arm_muldivdf3.o)
                0x08004bbc                __aeabi_dmul
                0x08004bbc                __muldf3
                0x08004e10                __divdf3
                0x08004e10                __aeabi_ddiv
 .text          0x08004fe0      0x110 c:/program files/codesourcery/sourcery g++ lite/bin/../lib/gcc/arm-none-eabi/4.4.1/thumb2\libgcc.a(_arm_cmpdf2.o)
                0x08004fe0                __gtdf2
                0x08004fe0                __gedf2
                0x08004fe8                __ltdf2
                0x08004fe8                __ledf2
                0x08004ff0                __nedf2
                0x08004ff0                __eqdf2
                0x08004ff0                __cmpdf2
                0x0800506c                __aeabi_cdrcmple
                0x0800507c                __aeabi_cdcmpeq
                0x0800507c                __aeabi_cdcmple
                0x0800508c                __aeabi_dcmpeq
                0x080050a0                __aeabi_dcmplt
                0x080050b4                __aeabi_dcmple
                0x080050c8                __aeabi_dcmpge
                0x080050dc                __aeabi_dcmpgt
 .text          0x080050f0       0x50 c:/program files/codesourcery/sourcery g++ lite/bin/../lib/gcc/arm-none-eabi/4.4.1/thumb2\libgcc.a(_arm_fixdfsi.o)
                0x080050f0                __aeabi_d2iz
                0x080050f0                __fixdfsi
 .text          0x08005140       0x2c c:/program files/codesourcery/sourcery g++ lite/bin/../lib/gcc/arm-none-eabi/4.4.1/thumb2\libgcc.a(_aeabi_uldivmod.o)
                0x08005140                __aeabi_uldivmod
 .text          0x0800516c       0x58 c:/program files/codesourcery/sourcery g++ lite/bin/../lib/gcc/arm-none-eabi/4.4.1/thumb2\libgcc.a(bpabi.o)
                0x0800516c                __gnu_uldivmod_helper
                0x08005198                __gnu_ldivmod_helper
 .text          0x080051c4      0x364 c:/program files/codesourcery/sourcery g++ lite/bin/../lib/gcc/arm-none-eabi/4.4.1/thumb2\libgcc.a(_divdi3.o)
                0x080051c4                __divdi3
 .text          0x08005528      0x300 c:/program files/codesourcery/sourcery g++ lite/bin/../lib/gcc/arm-none-eabi/4.4.1/thumb2\libgcc.a(_udivdi3.o)
                0x08005528                __udivdi3
 *(.text*)
 .text.SendChar
                0x08005828       0x20 ./usart/usart.o
                0x08005828                SendChar
 .text.usartSetup
                0x08005848       0x88 ./usart/usart.o
                0x08005848                usartSetup
 .text.usart_printf
                0x080058d0       0x30 ./usart/usart.o
                0x080058d0                usart_printf
 .text.itoa     0x08005900       0x80 ./src/conversion.o
                0x08005900                itoa
 .text.myatoi   0x08005980       0x2c ./src/conversion.o
                0x08005980                myatoi
 .text.dec2hex  0x080059ac       0xa4 ./src/conversion.o
                0x080059ac                dec2hex
 .text.Delay_config
                0x08005a50       0x2c ./src/delay.o
                0x08005a50                Delay_config
 .text.Delay    0x08005a7c       0x1c ./src/delay.o
                0x08005a7c                Delay
 .text.TimingDelay_Decrement
                0x08005a98       0x20 ./src/delay.o
                0x08005a98                TimingDelay_Decrement
 .text.Delay_us
                0x08005ab8       0x14 ./src/delay.o
                0x08005ab8                Delay_us
 .text.Delay_us_init
                0x08005acc       0x44 ./src/delay.o
                0x08005acc                Delay_us_init
 .text._sbrk    0x08005b10       0x38 ./src/init_func.o
                0x08005b10                _sbrk
 .text.rgbPwmSetup
                0x08005b48       0xa8 ./src/init_func.o
                0x08005b48                rgbPwmSetup
 .text.pwmSetup
                0x08005bf0       0x48 ./src/init_func.o
                0x08005bf0                pwmSetup
 .text.NVIC_Config
                0x08005c38       0x58 ./src/init_func.o
                0x08005c38                NVIC_Config
 .text.RCC_Conf
                0x08005c90       0xf8 ./src/init_func.o
                0x08005c90                RCC_Conf
 .text.GPIO_Config
                0x08005d88       0x94 ./src/init_func.o
                0x08005d88                GPIO_Config
 .text.min_printf
                0x08005e1c       0xa8 ./src/min_printf.o
                0x08005e1c                min_printf
 .text.ring_buffer_push
                0x08005ec4       0x84 ./src/ringbuffer.o
                0x08005ec4                ring_buffer_push
 .text.ring_buffer_pop
                0x08005f48       0x80 ./src/ringbuffer.o
                0x08005f48                ring_buffer_pop
 .text.decrement_end
                0x08005fc8       0x24 ./src/ringbuffer.o
                0x08005fc8                decrement_end
 .text.NMI_Handler
                0x08005fec        0x4 ./src/stm32f10x_it.o
                0x08005fec                NMI_Handler
 .text.HardFault_Handler
                0x08005ff0        0x4 ./src/stm32f10x_it.o
                0x08005ff0                HardFault_Handler
 .text.MemManage_Handler
                0x08005ff4        0x4 ./src/stm32f10x_it.o
                0x08005ff4                MemManage_Handler
 .text.BusFault_Handler
                0x08005ff8        0x4 ./src/stm32f10x_it.o
                0x08005ff8                BusFault_Handler
 .text.UsageFault_Handler
                0x08005ffc        0x4 ./src/stm32f10x_it.o
                0x08005ffc                UsageFault_Handler
 .text.SVC_Handler
                0x08006000        0x4 ./src/stm32f10x_it.o
                0x08006000                SVC_Handler
 .text.DebugMon_Handler
                0x08006004        0x4 ./src/stm32f10x_it.o
                0x08006004                DebugMon_Handler
 .text.PendSV_Handler
                0x08006008        0x4 ./src/stm32f10x_it.o
                0x08006008                PendSV_Handler
 .text.RTC_IRQHandler
                0x0800600c       0xd0 ./src/stm32f10x_it.o
                0x0800600c                RTC_IRQHandler
 .text.SysTick_Handler
                0x080060dc       0x38 ./src/stm32f10x_it.o
                0x080060dc                SysTick_Handler
 .text.USART1_IRQHandler
                0x08006114      0x124 ./src/stm32f10x_it.o
                0x08006114                USART1_IRQHandler
 .text.get_fattime
                0x08006238       0x4c ./sd_card/fatfs/fattime.o
                0x08006238                get_fattime
 .text.mem_cpy  0x08006284       0x1c ./sd_card/fatfs/ff.o
 .text.mem_set  0x080062a0       0x14 ./sd_card/fatfs/ff.o
 .text.clust2sect
                0x080062b4       0x1c ./sd_card/fatfs/ff.o
                0x080062b4                clust2sect
 .text.f_mount  0x080062d0       0x34 ./sd_card/fatfs/ff.o
                0x080062d0                f_mount
 .text.validate
                0x08006304       0x28 ./sd_card/fatfs/ff.o
 .text.move_window
                0x0800632c       0x84 ./sd_card/fatfs/ff.o
 .text.f_sync   0x080063b0      0x168 ./sd_card/fatfs/ff.o
                0x080063b0                f_sync
 .text.f_close  0x08006518       0x18 ./sd_card/fatfs/ff.o
                0x08006518                f_close
 .text.put_fat  0x08006530      0x110 ./sd_card/fatfs/ff.o
                0x08006530                put_fat
 .text.get_fat  0x08006640       0xe0 ./sd_card/fatfs/ff.o
                0x08006640                get_fat
 .text.dir_seek
                0x08006720       0xb0 ./sd_card/fatfs/ff.o
 .text.create_chain
                0x080067d0       0xc0 ./sd_card/fatfs/ff.o
 .text.f_lseek  0x08006890      0x19c ./sd_card/fatfs/ff.o
                0x08006890                f_lseek
 .text.dir_next
                0x08006a2c      0x128 ./sd_card/fatfs/ff.o
 .text.f_readdir
                0x08006b54      0x148 ./sd_card/fatfs/ff.o
                0x08006b54                f_readdir
 .text.follow_path
                0x08006c9c      0x234 ./sd_card/fatfs/ff.o
 .text.f_write  0x08006ed0      0x228 ./sd_card/fatfs/ff.o
                0x08006ed0                f_write
 .text.check_fs
                0x080070f8       0xa8 ./sd_card/fatfs/ff.o
 .text.chk_mounted
                0x080071a0      0x308 ./sd_card/fatfs/ff.o
                0x080071a0                chk_mounted
 .text.f_open   0x080074a8      0x290 ./sd_card/fatfs/ff.o
                0x080074a8                f_open
 .text.interface_speed
                0x08007738       0x2c ./sd_card/fatfs/sd_spi_stm32.o
 .text.socket_is_empty
                0x08007764        0x8 ./sd_card/fatfs/sd_spi_stm32.o
                0x08007764                socket_is_empty
 .text.chk_power
                0x0800776c        0x8 ./sd_card/fatfs/sd_spi_stm32.o
 .text.stm32_spi_rw
                0x08007774       0x24 ./sd_card/fatfs/sd_spi_stm32.o
 .text.rcvr_spi
                0x08007798        0xc ./sd_card/fatfs/sd_spi_stm32.o
 .text.wait_ready
                0x080077a4       0x2c ./sd_card/fatfs/sd_spi_stm32.o
 .text.rcvr_datablock
                0x080077d0       0x6c ./sd_card/fatfs/sd_spi_stm32.o
 .text.xmit_datablock
                0x0800783c       0x60 ./sd_card/fatfs/sd_spi_stm32.o
 .text.disk_status
                0x0800789c       0x14 ./sd_card/fatfs/sd_spi_stm32.o
                0x0800789c                disk_status
 .text.disk_timerproc
                0x080078b0       0x84 ./sd_card/fatfs/sd_spi_stm32.o
                0x080078b0                disk_timerproc
 .text.send_cmd
                0x08007934       0xc0 ./sd_card/fatfs/sd_spi_stm32.o
 .text.release_spi
                0x080079f4       0x18 ./sd_card/fatfs/sd_spi_stm32.o
 .text.power_off
                0x08007a0c       0x3c ./sd_card/fatfs/sd_spi_stm32.o
 .text.disk_write
                0x08007a48       0xd8 ./sd_card/fatfs/sd_spi_stm32.o
                0x08007a48                disk_write
 .text.disk_read
                0x08007b20       0xa8 ./sd_card/fatfs/sd_spi_stm32.o
                0x08007b20                disk_read
 .text.power_on
                0x08007bc8       0xf8 ./sd_card/fatfs/sd_spi_stm32.o
 .text.disk_ioctl
                0x08007cc0      0x2e8 ./sd_card/fatfs/sd_spi_stm32.o
                0x08007cc0                disk_ioctl
 .text.disk_initialize
                0x08007fa8      0x1ac ./sd_card/fatfs/sd_spi_stm32.o
                0x08007fa8                disk_initialize
 .text.enc28j60WriteBuffer
                0x08008154       0x40 ./enc28j60/enc28j60.o
                0x08008154                enc28j60WriteBuffer
 .text.enc28j60ReadBuffer
                0x08008194       0x4c ./enc28j60/enc28j60.o
                0x08008194                enc28j60ReadBuffer
 .text.enc28j60WriteOp
                0x080081e0       0x38 ./enc28j60/enc28j60.o
                0x080081e0                enc28j60WriteOp
 .text.enc28j60SetBank
                0x08008218       0x44 ./enc28j60/enc28j60.o
                0x08008218                enc28j60SetBank
 .text.enc28j60Write
                0x0800825c       0x18 ./enc28j60/enc28j60.o
                0x0800825c                enc28j60Write
 .text.enc28j60clkout
                0x08008274       0x10 ./enc28j60/enc28j60.o
                0x08008274                enc28j60clkout
 .text.enc28j60ReadOp
                0x08008284       0x64 ./enc28j60/enc28j60.o
                0x08008284                enc28j60ReadOp
 .text.enc28j60Read
                0x080082e8       0x14 ./enc28j60/enc28j60.o
                0x080082e8                enc28j60Read
 .text.enc28j60getrev
                0x080082fc        0xc ./enc28j60/enc28j60.o
                0x080082fc                enc28j60getrev
 .text.enc28j60PhyReadH
                0x08008308       0x40 ./enc28j60/enc28j60.o
                0x08008308                enc28j60PhyReadH
 .text.enc28j60linkup
                0x08008348       0x14 ./enc28j60/enc28j60.o
                0x08008348                enc28j60linkup
 .text.enc28j60PhyWrite
                0x0800835c       0x38 ./enc28j60/enc28j60.o
                0x0800835c                enc28j60PhyWrite
 .text.enc28j60Init
                0x08008394      0x218 ./enc28j60/enc28j60.o
                0x08008394                enc28j60Init
 .text.enc28j60PacketReceive
                0x080085ac       0xe4 ./enc28j60/enc28j60.o
                0x080085ac                enc28j60PacketReceive
 .text.enc28j60PacketSend
                0x08008690       0xb0 ./enc28j60/enc28j60.o
                0x08008690                enc28j60PacketSend
 .text.SPI1_ReadWrite
                0x08008740       0x54 ./enc28j60/spi.o
                0x08008740                SPI1_ReadWrite
 .text.SPI1_Init
                0x08008794       0xbc ./enc28j60/spi.o
                0x08008794                SPI1_Init
 .text.Reset_Handler
                0x08008850       0x48 ./Setup/startup_stm32f10x_cl.o
                0x08008850                Reset_Handler
 .text.Default_Handler
                0x08008898        0x2 ./Setup/startup_stm32f10x_cl.o
                0x08008898                EXTI2_IRQHandler
                0x08008898                TIM1_CC_IRQHandler
                0x08008898                TIM6_IRQHandler
                0x08008898                PVD_IRQHandler
                0x08008898                CAN2_RX1_IRQHandler
                0x08008898                EXTI3_IRQHandler
                0x08008898                EXTI0_IRQHandler
                0x08008898                I2C2_EV_IRQHandler
                0x08008898                CAN1_RX0_IRQHandler
                0x08008898                CAN2_SCE_IRQHandler
                0x08008898                ADC1_2_IRQHandler
                0x08008898                SPI1_IRQHandler
                0x08008898                TAMPER_IRQHandler
                0x08008898                CAN2_RX0_IRQHandler
                0x08008898                DMA2_Channel2_IRQHandler
                0x08008898                DMA1_Channel4_IRQHandler
                0x08008898                USART3_IRQHandler
                0x08008898                DMA1_Channel7_IRQHandler
                0x08008898                CAN1_RX1_IRQHandler
                0x08008898                UART5_IRQHandler
                0x08008898                TIM4_IRQHandler
                0x08008898                DMA2_Channel1_IRQHandler
                0x08008898                I2C1_EV_IRQHandler
                0x08008898                DMA1_Channel6_IRQHandler
                0x08008898                UART4_IRQHandler
                0x08008898                DMA2_Channel4_IRQHandler
                0x08008898                TIM3_IRQHandler
                0x08008898                RCC_IRQHandler
                0x08008898                TIM1_TRG_COM_IRQHandler
                0x08008898                DMA1_Channel1_IRQHandler
                0x08008898                Default_Handler
                0x08008898                EXTI15_10_IRQHandler
                0x08008898                TIM7_IRQHandler
                0x08008898                CAN2_TX_IRQHandler
                0x08008898                TIM5_IRQHandler
                0x08008898                EXTI9_5_IRQHandler
                0x08008898                ETH_WKUP_IRQHandler
                0x08008898                SPI2_IRQHandler
                0x08008898                CAN1_TX_IRQHandler
                0x08008898                DMA2_Channel5_IRQHandler
                0x08008898                DMA1_Channel5_IRQHandler
                0x08008898                EXTI4_IRQHandler
                0x08008898                DMA1_Channel3_IRQHandler
                0x08008898                ETH_IRQHandler
                0x08008898                TIM1_UP_IRQHandler
                0x08008898                WWDG_IRQHandler
                0x08008898                TIM2_IRQHandler
                0x08008898                OTG_FS_WKUP_IRQHandler
                0x08008898                TIM1_BRK_IRQHandler
                0x08008898                EXTI1_IRQHandler
                0x08008898                RTCAlarm_IRQHandler
                0x08008898                USART2_IRQHandler
                0x08008898                I2C2_ER_IRQHandler
                0x08008898                DMA1_Channel2_IRQHandler
                0x08008898                CAN1_SCE_IRQHandler
                0x08008898                FLASH_IRQHandler
                0x08008898                OTG_FS_IRQHandler
                0x08008898                SPI3_IRQHandler
                0x08008898                I2C1_ER_IRQHandler
                0x08008898                DMA2_Channel3_IRQHandler
 *fill*         0x0800889a        0x2 00
 .text.checksum
                0x0800889c       0x6c ./SERVER/tcpip/ip_arp_udp_tcp.o
                0x0800889c                checksum
 .text.check_ip_message_is_from
                0x08008908       0x30 ./SERVER/tcpip/ip_arp_udp_tcp.o
                0x08008908                check_ip_message_is_from
 .text.eth_type_is_arp_and_my_ip
                0x08008938       0x64 ./SERVER/tcpip/ip_arp_udp_tcp.o
                0x08008938                eth_type_is_arp_and_my_ip
 .text.eth_type_is_ip_and_my_ip
                0x0800899c       0x64 ./SERVER/tcpip/ip_arp_udp_tcp.o
                0x0800899c                eth_type_is_ip_and_my_ip
 .text.make_eth
                0x08008a00       0x2c ./SERVER/tcpip/ip_arp_udp_tcp.o
                0x08008a00                make_eth
 .text.fill_ip_hdr_checksum
                0x08008a2c       0x34 ./SERVER/tcpip/ip_arp_udp_tcp.o
                0x08008a2c                fill_ip_hdr_checksum
 .text.make_ip  0x08008a60       0x34 ./SERVER/tcpip/ip_arp_udp_tcp.o
                0x08008a60                make_ip
 .text.step_seq
                0x08008a94       0x3c ./SERVER/tcpip/ip_arp_udp_tcp.o
                0x08008a94                step_seq
 .text.make_tcphead
                0x08008ad0       0x48 ./SERVER/tcpip/ip_arp_udp_tcp.o
                0x08008ad0                make_tcphead
 .text.get_tcp_data_len
                0x08008b18       0x28 ./SERVER/tcpip/ip_arp_udp_tcp.o
                0x08008b18                get_tcp_data_len
 .text.fill_tcp_data_p
                0x08008b40       0x24 ./SERVER/tcpip/ip_arp_udp_tcp.o
                0x08008b40                fill_tcp_data_p
 .text.fill_tcp_data_len
                0x08008b64       0x3c ./SERVER/tcpip/ip_arp_udp_tcp.o
                0x08008b64                fill_tcp_data_len
 .text.www_server_port
                0x08008ba0       0x1c ./SERVER/tcpip/ip_arp_udp_tcp.o
                0x08008ba0                www_server_port
 .text.fill_buf_p
                0x08008bbc       0x24 ./SERVER/tcpip/ip_arp_udp_tcp.o
                0x08008bbc                fill_buf_p
 .text.client_ntp_process_answer
                0x08008be0       0x50 ./SERVER/tcpip/ip_arp_udp_tcp.o
                0x08008be0                client_ntp_process_answer
 .text.send_udp_prepare
                0x08008c30       0xb4 ./SERVER/tcpip/ip_arp_udp_tcp.o
                0x08008c30                send_udp_prepare
 .text.get_mac_with_arp_wait
                0x08008ce4       0x14 ./SERVER/tcpip/ip_arp_udp_tcp.o
                0x08008ce4                get_mac_with_arp_wait
 .text.get_mac_with_arp
                0x08008cf8       0x3c ./SERVER/tcpip/ip_arp_udp_tcp.o
                0x08008cf8                get_mac_with_arp
 .text.client_tcp_req
                0x08008d34       0x94 ./SERVER/tcpip/ip_arp_udp_tcp.o
                0x08008d34                client_tcp_req
 .text.client_browse_url
                0x08008dc8       0x74 ./SERVER/tcpip/ip_arp_udp_tcp.o
                0x08008dc8                client_browse_url
 .text.www_client_internal_result_callback
                0x08008e3c       0xd0 ./SERVER/tcpip/ip_arp_udp_tcp.o
                0x08008e3c                www_client_internal_result_callback
 .text.fill_tcp_data
                0x08008f0c       0x1c ./SERVER/tcpip/ip_arp_udp_tcp.o
                0x08008f0c                fill_tcp_data
 .text.www_client_internal_datafill_callback
                0x08008f28      0x198 ./SERVER/tcpip/ip_arp_udp_tcp.o
                0x08008f28                www_client_internal_datafill_callback
 .text.tcp_client_syn
                0x080090c0      0x150 ./SERVER/tcpip/ip_arp_udp_tcp.o
                0x080090c0                tcp_client_syn
 .text.client_arp_whohas
                0x08009210       0xa8 ./SERVER/tcpip/ip_arp_udp_tcp.o
                0x08009210                client_arp_whohas
 .text.send_udp_transmit
                0x080092b8       0x58 ./SERVER/tcpip/ip_arp_udp_tcp.o
                0x080092b8                send_udp_transmit
 .text.client_ntp_request
                0x08009310      0x10c ./SERVER/tcpip/ip_arp_udp_tcp.o
                0x08009310                client_ntp_request
 .text.make_tcp_synack_from_syn
                0x0800941c       0xa4 ./SERVER/tcpip/ip_arp_udp_tcp.o
                0x0800941c                make_tcp_synack_from_syn
 .text.make_tcp_ack_with_data_noflags
                0x080094c0       0x50 ./SERVER/tcpip/ip_arp_udp_tcp.o
                0x080094c0                make_tcp_ack_with_data_noflags
 .text.make_tcp_ack_from_any
                0x08009510       0x80 ./SERVER/tcpip/ip_arp_udp_tcp.o
                0x08009510                make_tcp_ack_from_any
 .text.www_server_reply
                0x08009590       0x2c ./SERVER/tcpip/ip_arp_udp_tcp.o
                0x08009590                www_server_reply
 .text.make_echo_reply_from_request
                0x080095bc       0x40 ./SERVER/tcpip/ip_arp_udp_tcp.o
                0x080095bc                make_echo_reply_from_request
 .text.make_arp_answer_from_request
                0x080095fc       0x6c ./SERVER/tcpip/ip_arp_udp_tcp.o
                0x080095fc                make_arp_answer_from_request
 .text.packetloop_arp_icmp_tcp
                0x08009668      0x448 ./SERVER/tcpip/ip_arp_udp_tcp.o
                0x08009668                packetloop_arp_icmp_tcp
 .text.init_mac
                0x08009ab0       0x18 ./SERVER/tcpip/ip_arp_udp_tcp.o
                0x08009ab0                init_mac
 .text.init_udp_or_www_server
                0x08009ac8       0x28 ./SERVER/tcpip/ip_arp_udp_tcp.o
                0x08009ac8                init_udp_or_www_server
 .text.dnslkup_haveanswer
                0x08009af0        0xc ./SERVER/dnslkup.o
                0x08009af0                dnslkup_haveanswer
 .text.dnslkup_get_ip
                0x08009afc       0x1c ./SERVER/dnslkup.o
                0x08009afc                dnslkup_get_ip
 .text.udp_client_check_for_dns_answer
                0x08009b18      0x12c ./SERVER/dnslkup.o
                0x08009b18                udp_client_check_for_dns_answer
 .text.dnslkup_request
                0x08009c44      0x158 ./SERVER/dnslkup.o
                0x08009c44                dnslkup_request
 .text.www_clock_tick
                0x08009d9c       0x14 ./SERVER/serverWWW.o
                0x08009d9c                www_clock_tick
 .text.updateIP
                0x08009db0       0x10 ./SERVER/serverWWW.o
                0x08009db0                updateIP
 .text.resetNTPClient
                0x08009dc0       0x20 ./SERVER/serverWWW.o
                0x08009dc0                resetNTPClient
 .text.arpresolver_result_callback
                0x08009de0       0x44 ./SERVER/serverWWW.o
                0x08009de0                arpresolver_result_callback
 .text.browserresult_callback
                0x08009e24       0x24 ./SERVER/serverWWW.o
                0x08009e24                browserresult_callback
 .text.http200image
                0x08009e48       0x1c ./SERVER/serverWWW.o
                0x08009e48                http200image
 .text.http200ok
                0x08009e64       0x1c ./SERVER/serverWWW.o
                0x08009e64                http200ok
 .text.analyse_get_url
                0x08009e80       0xf0 ./SERVER/serverWWW.o
                0x08009e80                analyse_get_url
 .text.print_webpage
                0x08009f70      0x15c ./SERVER/serverWWW.o
                0x08009f70                print_webpage
 .text.print_image
                0x0800a0cc       0x20 ./SERVER/serverWWW.o
                0x0800a0cc                print_image
 .text.ServerCheckForJob
                0x0800a0ec      0x558 ./SERVER/serverWWW.o
                0x0800a0ec                ServerCheckForJob
 .text.InitServer
                0x0800a644       0x68 ./SERVER/serverWWW.o
                0x0800a644                InitServer
 .text.monthlen
                0x0800a6ac       0x24 ./SERVER/timeconversions.o
                0x0800a6ac                monthlen
 .text.gmtime   0x0800a6d0      0x20c ./SERVER/timeconversions.o
                0x0800a6d0                gmtime
 .text.find_key_val
                0x0800a8dc      0x108 ./SERVER/websrv_help_functions.o
                0x0800a8dc                find_key_val
 .text.int2h    0x0800a9e4       0x30 ./SERVER/websrv_help_functions.o
                0x0800a9e4                int2h
 .text.urlencode
                0x0800aa14       0x5c ./SERVER/websrv_help_functions.o
                0x0800aa14                urlencode
 .text.mk_net_str
                0x0800aa70       0x6c ./SERVER/websrv_help_functions.o
                0x0800aa70                mk_net_str
 .text.RTC_Config
                0x0800aadc       0x64 ./RTC/rtc.o
                0x0800aadc                RTC_Config
 .text.RTCgetTime
                0x0800ab40       0x58 ./RTC/rtc.o
                0x0800ab40                RTCgetTime
 .text.NVIC_Init
                0x0800ab98       0x84 ./Library/STM32F10x_StdPeriph_Driver/src/misc.o
                0x0800ab98                NVIC_Init
 .text.NVIC_SetVectorTable
                0x0800ac1c       0x18 ./Library/STM32F10x_StdPeriph_Driver/src/misc.o
                0x0800ac1c                NVIC_SetVectorTable
 .text.BKP_DeInit
                0x0800ac34       0x14 ./Library/STM32F10x_StdPeriph_Driver/src/stm32f10x_bkp.o
                0x0800ac34                BKP_DeInit
 .text.FLASH_SetLatency
                0x0800ac48       0x18 ./Library/STM32F10x_StdPeriph_Driver/src/stm32f10x_flash.o
                0x0800ac48                FLASH_SetLatency
 .text.FLASH_PrefetchBufferCmd
                0x0800ac60       0x1c ./Library/STM32F10x_StdPeriph_Driver/src/stm32f10x_flash.o
                0x0800ac60                FLASH_PrefetchBufferCmd
 .text.GPIO_Init
                0x0800ac7c       0xc0 ./Library/STM32F10x_StdPeriph_Driver/src/stm32f10x_gpio.o
                0x0800ac7c                GPIO_Init
 .text.GPIO_SetBits
                0x0800ad3c        0x4 ./Library/STM32F10x_StdPeriph_Driver/src/stm32f10x_gpio.o
                0x0800ad3c                GPIO_SetBits
 .text.GPIO_ResetBits
                0x0800ad40        0x4 ./Library/STM32F10x_StdPeriph_Driver/src/stm32f10x_gpio.o
                0x0800ad40                GPIO_ResetBits
 .text.PWR_BackupAccessCmd
                0x0800ad44        0xc ./Library/STM32F10x_StdPeriph_Driver/src/stm32f10x_pwr.o
                0x0800ad44                PWR_BackupAccessCmd
 .text.RCC_DeInit
                0x0800ad50       0x4c ./Library/STM32F10x_StdPeriph_Driver/src/stm32f10x_rcc.o
                0x0800ad50                RCC_DeInit
 .text.RCC_HSEConfig
                0x0800ad9c       0x4c ./Library/STM32F10x_StdPeriph_Driver/src/stm32f10x_rcc.o
                0x0800ad9c                RCC_HSEConfig
 .text.RCC_PLLConfig
                0x0800ade8       0x1c ./Library/STM32F10x_StdPeriph_Driver/src/stm32f10x_rcc.o
                0x0800ade8                RCC_PLLConfig
 .text.RCC_PLLCmd
                0x0800ae04        0xc ./Library/STM32F10x_StdPeriph_Driver/src/stm32f10x_rcc.o
                0x0800ae04                RCC_PLLCmd
 .text.RCC_PREDIV1Config
                0x0800ae10       0x20 ./Library/STM32F10x_StdPeriph_Driver/src/stm32f10x_rcc.o
                0x0800ae10                RCC_PREDIV1Config
 .text.RCC_SYSCLKConfig
                0x0800ae30       0x18 ./Library/STM32F10x_StdPeriph_Driver/src/stm32f10x_rcc.o
                0x0800ae30                RCC_SYSCLKConfig
 .text.RCC_GetSYSCLKSource
                0x0800ae48       0x10 ./Library/STM32F10x_StdPeriph_Driver/src/stm32f10x_rcc.o
                0x0800ae48                RCC_GetSYSCLKSource
 .text.RCC_HCLKConfig
                0x0800ae58       0x18 ./Library/STM32F10x_StdPeriph_Driver/src/stm32f10x_rcc.o
                0x0800ae58                RCC_HCLKConfig
 .text.RCC_PCLK1Config
                0x0800ae70       0x18 ./Library/STM32F10x_StdPeriph_Driver/src/stm32f10x_rcc.o
                0x0800ae70                RCC_PCLK1Config
 .text.RCC_PCLK2Config
                0x0800ae88       0x18 ./Library/STM32F10x_StdPeriph_Driver/src/stm32f10x_rcc.o
                0x0800ae88                RCC_PCLK2Config
 .text.RCC_LSEConfig
                0x0800aea0       0x3c ./Library/STM32F10x_StdPeriph_Driver/src/stm32f10x_rcc.o
                0x0800aea0                RCC_LSEConfig
 .text.RCC_RTCCLKConfig
                0x0800aedc       0x14 ./Library/STM32F10x_StdPeriph_Driver/src/stm32f10x_rcc.o
                0x0800aedc                RCC_RTCCLKConfig
 .text.RCC_RTCCLKCmd
                0x0800aef0        0xc ./Library/STM32F10x_StdPeriph_Driver/src/stm32f10x_rcc.o
                0x0800aef0                RCC_RTCCLKCmd
 .text.RCC_GetClocksFreq
                0x0800aefc       0xe0 ./Library/STM32F10x_StdPeriph_Driver/src/stm32f10x_rcc.o
                0x0800aefc                RCC_GetClocksFreq
 .text.RCC_APB2PeriphClockCmd
                0x0800afdc       0x28 ./Library/STM32F10x_StdPeriph_Driver/src/stm32f10x_rcc.o
                0x0800afdc                RCC_APB2PeriphClockCmd
 .text.RCC_APB1PeriphClockCmd
                0x0800b004       0x28 ./Library/STM32F10x_StdPeriph_Driver/src/stm32f10x_rcc.o
                0x0800b004                RCC_APB1PeriphClockCmd
 .text.RCC_BackupResetCmd
                0x0800b02c        0xc ./Library/STM32F10x_StdPeriph_Driver/src/stm32f10x_rcc.o
                0x0800b02c                RCC_BackupResetCmd
 .text.RCC_GetFlagStatus
                0x0800b038       0x34 ./Library/STM32F10x_StdPeriph_Driver/src/stm32f10x_rcc.o
                0x0800b038                RCC_GetFlagStatus
 .text.RCC_WaitForHSEStartUp
                0x0800b06c       0x3c ./Library/STM32F10x_StdPeriph_Driver/src/stm32f10x_rcc.o
                0x0800b06c                RCC_WaitForHSEStartUp
 .text.RTC_ITConfig
                0x0800b0a8       0x2c ./Library/STM32F10x_StdPeriph_Driver/src/stm32f10x_rtc.o
                0x0800b0a8                RTC_ITConfig
 .text.RTC_EnterConfigMode
                0x0800b0d4       0x14 ./Library/STM32F10x_StdPeriph_Driver/src/stm32f10x_rtc.o
                0x0800b0d4                RTC_EnterConfigMode
 .text.RTC_ExitConfigMode
                0x0800b0e8       0x1c ./Library/STM32F10x_StdPeriph_Driver/src/stm32f10x_rtc.o
                0x0800b0e8                RTC_ExitConfigMode
 .text.RTC_GetCounter
                0x0800b104       0x14 ./Library/STM32F10x_StdPeriph_Driver/src/stm32f10x_rtc.o
                0x0800b104                RTC_GetCounter
 .text.RTC_SetCounter
                0x0800b118       0x20 ./Library/STM32F10x_StdPeriph_Driver/src/stm32f10x_rtc.o
                0x0800b118                RTC_SetCounter
 .text.RTC_SetPrescaler
                0x0800b138       0x20 ./Library/STM32F10x_StdPeriph_Driver/src/stm32f10x_rtc.o
                0x0800b138                RTC_SetPrescaler
 .text.RTC_WaitForLastTask
                0x0800b158       0x14 ./Library/STM32F10x_StdPeriph_Driver/src/stm32f10x_rtc.o
                0x0800b158                RTC_WaitForLastTask
 .text.RTC_WaitForSynchro
                0x0800b16c       0x2c ./Library/STM32F10x_StdPeriph_Driver/src/stm32f10x_rtc.o
                0x0800b16c                RTC_WaitForSynchro
 .text.RTC_ClearITPendingBit
                0x0800b198       0x14 ./Library/STM32F10x_StdPeriph_Driver/src/stm32f10x_rtc.o
                0x0800b198                RTC_ClearITPendingBit
 .text.SPI_Init
                0x0800b1ac       0x60 ./Library/STM32F10x_StdPeriph_Driver/src/stm32f10x_spi.o
                0x0800b1ac                SPI_Init
 .text.SPI_Cmd  0x0800b20c       0x20 ./Library/STM32F10x_StdPeriph_Driver/src/stm32f10x_spi.o
                0x0800b20c                SPI_Cmd
 .text.SPI_I2S_SendData
                0x0800b22c        0x4 ./Library/STM32F10x_StdPeriph_Driver/src/stm32f10x_spi.o
                0x0800b22c                SPI_I2S_SendData
 .text.SPI_I2S_ReceiveData
                0x0800b230        0x8 ./Library/STM32F10x_StdPeriph_Driver/src/stm32f10x_spi.o
                0x0800b230                SPI_I2S_ReceiveData
 .text.SPI_CalculateCRC
                0x0800b238       0x20 ./Library/STM32F10x_StdPeriph_Driver/src/stm32f10x_spi.o
                0x0800b238                SPI_CalculateCRC
 .text.SPI_I2S_GetFlagStatus
                0x0800b258        0xc ./Library/STM32F10x_StdPeriph_Driver/src/stm32f10x_spi.o
                0x0800b258                SPI_I2S_GetFlagStatus
 .text.TIM_TimeBaseInit
                0x0800b264      0x108 ./Library/STM32F10x_StdPeriph_Driver/src/stm32f10x_tim.o
                0x0800b264                TIM_TimeBaseInit
 .text.TIM_OC1Init
                0x0800b36c       0xec ./Library/STM32F10x_StdPeriph_Driver/src/stm32f10x_tim.o
                0x0800b36c                TIM_OC1Init
 .text.TIM_OC2Init
                0x0800b458       0xc8 ./Library/STM32F10x_StdPeriph_Driver/src/stm32f10x_tim.o
                0x0800b458                TIM_OC2Init
 .text.TIM_OC3Init
                0x0800b520       0xc8 ./Library/STM32F10x_StdPeriph_Driver/src/stm32f10x_tim.o
                0x0800b520                TIM_OC3Init
 .text.TIM_TimeBaseStructInit
                0x0800b5e8       0x14 ./Library/STM32F10x_StdPeriph_Driver/src/stm32f10x_tim.o
                0x0800b5e8                TIM_TimeBaseStructInit
 .text.TIM_Cmd  0x0800b5fc       0x20 ./Library/STM32F10x_StdPeriph_Driver/src/stm32f10x_tim.o
                0x0800b5fc                TIM_Cmd
 .text.TIM_ARRPreloadConfig
                0x0800b61c       0x20 ./Library/STM32F10x_StdPeriph_Driver/src/stm32f10x_tim.o
                0x0800b61c                TIM_ARRPreloadConfig
 .text.TIM_OC1PreloadConfig
                0x0800b63c       0x18 ./Library/STM32F10x_StdPeriph_Driver/src/stm32f10x_tim.o
                0x0800b63c                TIM_OC1PreloadConfig
 .text.TIM_OC2PreloadConfig
                0x0800b654       0x18 ./Library/STM32F10x_StdPeriph_Driver/src/stm32f10x_tim.o
                0x0800b654                TIM_OC2PreloadConfig
 .text.TIM_OC3PreloadConfig
                0x0800b66c       0x18 ./Library/STM32F10x_StdPeriph_Driver/src/stm32f10x_tim.o
                0x0800b66c                TIM_OC3PreloadConfig
 .text.USART_Cmd
                0x0800b684       0x20 ./Library/STM32F10x_StdPeriph_Driver/src/stm32f10x_usart.o
                0x0800b684                USART_Cmd
 .text.USART_ITConfig
                0x0800b6a4       0x38 ./Library/STM32F10x_StdPeriph_Driver/src/stm32f10x_usart.o
                0x0800b6a4                USART_ITConfig
 .text.USART_Init
                0x0800b6dc       0xfc ./Library/STM32F10x_StdPeriph_Driver/src/stm32f10x_usart.o
                0x0800b6dc                USART_Init
 .text.SystemInit
                0x0800b7d8       0xf0 ./Library/CMSIS/CM3/DeviceSupport/ST/STM32F10x/system_stm32f10x.o
                0x0800b7d8                SystemInit
 .text.funkcja_updateIP
                0x0800b8c8        0x8 ./CMD/CMD_commands.o
                0x0800b8c8                funkcja_updateIP
 .text.funkcja_NTPrequest
                0x0800b8d0        0x8 ./CMD/CMD_commands.o
                0x0800b8d0                funkcja_NTPrequest
 .text.funkcja_info
                0x0800b8d8      0x124 ./CMD/CMD_commands.o
                0x0800b8d8                funkcja_info
 .text.funkcja_ls
                0x0800b9fc       0x7c ./CMD/CMD_commands.o
                0x0800b9fc                funkcja_ls
 .text.funkcja_time
                0x0800ba78       0x58 ./CMD/CMD_commands.o
                0x0800ba78                funkcja_time
 .text.get_command_from_ring_buffer
                0x0800bad0       0xb4 ./CMD/cmd.o
                0x0800bad0                get_command_from_ring_buffer
 .text.perform_command
                0x0800bb84       0xb0 ./CMD/cmd.o
                0x0800bb84                perform_command
 .text.CommandLineCheck
                0x0800bc34      0x15c ./CMD/cmd.o
                0x0800bc34                CommandLineCheck
 .text.enable   0x0800bd90       0x64 ./CMD/cmd.o
                0x0800bd90                enable
 .text.help     0x0800bdf4      0x110 ./CMD/cmd.o
                0x0800bdf4                help
 .text.crc8     0x0800bf04       0x54 ./1wire/1wire.o
                0x0800bf04                crc8
 .text.wIn      0x0800bf58       0x2c ./1wire/1wire.o
                0x0800bf58                wIn
 .text.wOut     0x0800bf84       0x2c ./1wire/1wire.o
                0x0800bf84                wOut
 .text.ow_write_bit
                0x0800bfb0       0x44 ./1wire/1wire.o
                0x0800bfb0                ow_write_bit
 .text.ow_write_byte
                0x0800bff4       0x20 ./1wire/1wire.o
                0x0800bff4                ow_write_byte
 .text.ow_read_bit
                0x0800c014       0x38 ./1wire/1wire.o
                0x0800c014                ow_read_bit
 .text.ow_read_byte
                0x0800c04c       0x24 ./1wire/1wire.o
                0x0800c04c                ow_read_byte
 .text.read_temp
                0x0800c070       0x94 ./1wire/1wire.o
                0x0800c070                read_temp
 .text.ow_reset
                0x0800c104       0x38 ./1wire/1wire.o
                0x0800c104                ow_reset
 .text.ow_rom_search
                0x0800c13c       0x98 ./1wire/1wire.o
                0x0800c13c                ow_rom_search
 .text.DS18X20_find_sensor
                0x0800c1d4       0x44 ./1wire/1wire.o
                0x0800c1d4                DS18X20_find_sensor
 .text.search_sensors
                0x0800c218       0x74 ./1wire/1wire.o
                0x0800c218                search_sensors
 .text.ow_command
                0x0800c28c       0x38 ./1wire/1wire.o
                0x0800c28c                ow_command
 .text.ustawStanOdczytywaniaTemperatury
                0x0800c2c4        0xc ./1wire/temp_read.o
                0x0800c2c4                ustawStanOdczytywaniaTemperatury
 .text.zamknijDzienLogowaniaTemperatury
                0x0800c2d0       0x10 ./1wire/temp_read.o
                0x0800c2d0                zamknijDzienLogowaniaTemperatury
 .text.odczytajStanOdczytywaniaTemperatury
                0x0800c2e0        0xc ./1wire/temp_read.o
                0x0800c2e0                odczytajStanOdczytywaniaTemperatury
 .text.TempCheck
                0x0800c2ec      0x224 ./1wire/temp_read.o
                0x0800c2ec                TempCheck
 .text.Blink    0x0800c510       0x30 ./main.o
                0x0800c510                Blink
 .text.main     0x0800c540       0xcc ./main.o
                0x0800c540                main
 *(.rodata)
 .rodata        0x0800c60c      0x104 c:/program files/codesourcery/sourcery g++ lite/bin/../lib/gcc/arm-none-eabi/4.4.1/../../../../arm-none-eabi/lib/thumb2\libc.a(lib_a-ctype_.o)
                0x0800c60c                _ctype_
 .rodata        0x0800c710       0x20 c:/program files/codesourcery/sourcery g++ lite/bin/../lib/gcc/arm-none-eabi/4.4.1/../../../../arm-none-eabi/lib/thumb2\libc.a(lib_a-svfprintf.o)
 .rodata        0x0800c730       0x34 c:/program files/codesourcery/sourcery g++ lite/bin/../lib/gcc/arm-none-eabi/4.4.1/../../../../arm-none-eabi/lib/thumb2\libc.a(lib_a-locale.o)
 *fill*         0x0800c764        0x4 00
 .rodata        0x0800c768      0x128 c:/program files/codesourcery/sourcery g++ lite/bin/../lib/gcc/arm-none-eabi/4.4.1/../../../../arm-none-eabi/lib/thumb2\libc.a(lib_a-mprec.o)
                0x0800c768                __mprec_tens
                0x0800c840                __mprec_bigtens
                0x0800c868                __mprec_tinytens
 *(.rodata*)
 .rodata.dig.3467
                0x0800c890       0x28 ./src/conversion.o
 .rodata.str1.4
                0x0800c8b8        0x3 ./src/min_printf.o
                                  0x4 (size before relaxing)
 *fill*         0x0800c8bb        0x1 00
 .rodata.str1.4
                0x0800c8bc       0x16 ./src/stm32f10x_it.o
                                 0x18 (size before relaxing)
 *fill*         0x0800c8d2        0x2 00
 .rodata.cvt.3752
                0x0800c8d4       0x80 ./sd_card/fatfs/ff.o
 .rodata.str1.4
                0x0800c954       0x33 ./sd_card/fatfs/ff.o
                                 0x34 (size before relaxing)
 *fill*         0x0800c987        0x1 00
 .rodata.str1.4
                0x0800c988       0x1b ./enc28j60/enc28j60.o
                                 0x1c (size before relaxing)
 *fill*         0x0800c9a3        0x1 00
 .rodata.iphdr  0x0800c9a4        0xc ./SERVER/tcpip/ip_arp_udp_tcp.o
                0x0800c9a4                iphdr
 .rodata.str1.4
                0x0800c9b0       0xe6 ./SERVER/tcpip/ip_arp_udp_tcp.o
                                 0xec (size before relaxing)
 *fill*         0x0800ca96        0x2 00
 .rodata.ntpreqhdr
                0x0800ca98        0xc ./SERVER/tcpip/ip_arp_udp_tcp.o
                0x0800ca98                ntpreqhdr
 .rodata.arpreqhdr
                0x0800caa4        0x8 ./SERVER/tcpip/ip_arp_udp_tcp.o
                0x0800caa4                arpreqhdr
 .rodata.str1.4
                0x0800caac      0x582 ./SERVER/serverWWW.o
                                0x5a4 (size before relaxing)
 *fill*         0x0800d02e        0x2 00
 .rodata.rawData
                0x0800d030      0x168 ./SERVER/serverWWW.o
                0x0800d030                rawData
 .rodata.day_abbrev
                0x0800d198       0x18 ./SERVER/timeconversions.o
 .rodata.str1.4
                0x0800d1b0       0x1f ./SERVER/timeconversions.o
                                 0x20 (size before relaxing)
 *fill*         0x0800d1cf        0x1 00
 .rodata.str1.4
                0x0800d1d0      0x101 ./CMD/CMD_commands.o
                                0x108 (size before relaxing)
 *fill*         0x0800d2d1        0x3 00
 .rodata.CMD_commands
                0x0800d2d4      0x118 ./CMD/cmd.o
                0x0800d2d4                CMD_commands
 .rodata.password
                0x0800d3ec        0x8 ./CMD/cmd.o
 .rodata.str1.4
                0x0800d3f4      0x143 ./CMD/cmd.o
                                0x150 (size before relaxing)
 *fill*         0x0800d537        0x1 00
 .rodata.str1.4
                0x0800d538       0x82 ./1wire/temp_read.o
                                 0x84 (size before relaxing)
 *fill*         0x0800d5ba        0x2 00
 .rodata.str1.4
                0x0800d5bc       0x5e ./main.o
                                 0x6c (size before relaxing)
 *fill*         0x0800d61a        0x2 00
 .rodata.str1.4
                0x0800d61c        0x2 c:/program files/codesourcery/sourcery g++ lite/bin/../lib/gcc/arm-none-eabi/4.4.1/../../../../arm-none-eabi/lib/thumb2\libc.a(lib_a-impure.o)
                                  0x4 (size before relaxing)
 *fill*         0x0800d61e        0x2 00
 .rodata.str1.4
                0x0800d620       0x42 c:/program files/codesourcery/sourcery g++ lite/bin/../lib/gcc/arm-none-eabi/4.4.1/../../../../arm-none-eabi/lib/thumb2\libc.a(lib_a-svfprintf.o)
                                 0x44 (size before relaxing)
 *fill*         0x0800d662        0x2 00
 .rodata.str1.4
                0x0800d664       0x10 c:/program files/codesourcery/sourcery g++ lite/bin/../lib/gcc/arm-none-eabi/4.4.1/../../../../arm-none-eabi/lib/thumb2\libc.a(lib_a-dtoa.o)
                                 0x14 (size before relaxing)
 .rodata.str1.4
                0x0800d674       0x10 c:/program files/codesourcery/sourcery g++ lite/bin/../lib/gcc/arm-none-eabi/4.4.1/../../../../arm-none-eabi/lib/thumb2\libc.a(lib_a-locale.o)
                                 0x18 (size before relaxing)
 *(.glue_7)
 .glue_7        0x00000000        0x0 linker stubs
 *(.glue_7t)
 .glue_7t       0x00000000        0x0 linker stubs
 *(.eh_frame)
 *(.init)
 .init          0x0800d684        0x4 c:/program files/codesourcery/sourcery g++ lite/bin/../lib/gcc/arm-none-eabi/4.4.1/thumb2/crti.o
                0x0800d684                _init
 .init          0x0800d688        0x8 c:/program files/codesourcery/sourcery g++ lite/bin/../lib/gcc/arm-none-eabi/4.4.1/thumb2/crtn.o
 *(.fini)
 .fini          0x0800d690        0x4 c:/program files/codesourcery/sourcery g++ lite/bin/../lib/gcc/arm-none-eabi/4.4.1/thumb2/crti.o
                0x0800d690                _fini
 .fini          0x0800d694        0x8 c:/program files/codesourcery/sourcery g++ lite/bin/../lib/gcc/arm-none-eabi/4.4.1/thumb2/crtn.o
                0x0800d69c                . = ALIGN (0x4)
                0x0800d69c                _etext = .

.vfp11_veneer   0x0800d69c        0x0
 .vfp11_veneer  0x00000000        0x0 linker stubs

.v4_bx          0x0800d69c        0x0
 .v4_bx         0x00000000        0x0 linker stubs

.ARM.extab
 *(.ARM.extab* .gnu.linkonce.armextab.*)

.ARM            0x0800d69c        0x8
                0x0800d69c                __exidx_start = .
 *(.ARM.exidx*)
 .ARM.exidx     0x0800d69c        0x8 c:/program files/codesourcery/sourcery g++ lite/bin/../lib/gcc/arm-none-eabi/4.4.1/thumb2\libgcc.a(_divdi3.o)
 .ARM.exidx     0x0800d6a4        0x0 c:/program files/codesourcery/sourcery g++ lite/bin/../lib/gcc/arm-none-eabi/4.4.1/thumb2\libgcc.a(_udivdi3.o)
                                  0x8 (size before relaxing)
                0x0800d6a4                __exidx_end = .

.preinit_array  0x0800d6a4        0x0
                0x0800d6a4                PROVIDE (__preinit_array_start, .)
 *(.preinit_array*)
                0x0800d6a4                PROVIDE (__preinit_array_end, .)

.init_array     0x0800d6a4        0x4
                0x0800d6a4                PROVIDE (__init_array_start, .)
 *(SORT(.init_array.*))
 *(.init_array*)
 .init_array    0x0800d6a4        0x4 c:/program files/codesourcery/sourcery g++ lite/bin/../lib/gcc/arm-none-eabi/4.4.1/thumb2/crtbegin.o
                0x0800d6a8                PROVIDE (__init_array_end, .)

.fini_array     0x0800d6a8        0x4
                0x0800d6a8                PROVIDE (__fini_array_start, .)
 *(.fini_array*)
 .fini_array    0x0800d6a8        0x4 c:/program files/codesourcery/sourcery g++ lite/bin/../lib/gcc/arm-none-eabi/4.4.1/thumb2/crtbegin.o
 *(SORT(.fini_array.*))
                0x0800d6ac                PROVIDE (__fini_array_end, .)
                0x0800d6ac                _sidata = .

.data           0x20000000      0x550 load address 0x0800d6ac
                0x20000000                . = ALIGN (0x4)
                0x20000000                _sdata = .
 *(.data)
 .data          0x20000000        0x8 c:/program files/codesourcery/sourcery g++ lite/bin/../lib/gcc/arm-none-eabi/4.4.1/../../../../arm-none-eabi/lib/thumb2\libc.a(lib_a-ctype_.o)
                0x20000000                __ctype_ptr
                0x20000004                __ctype_ptr__
 .data          0x20000008       0xf4 c:/program files/codesourcery/sourcery g++ lite/bin/../lib/gcc/arm-none-eabi/4.4.1/../../../../arm-none-eabi/lib/thumb2\libc.a(lib_a-impure.o)
                0x20000008                _impure_ptr
 .data          0x200000fc      0x410 c:/program files/codesourcery/sourcery g++ lite/bin/../lib/gcc/arm-none-eabi/4.4.1/../../../../arm-none-eabi/lib/thumb2\libc.a(lib_a-mallocr.o)
                0x200000fc                __malloc_av_
                0x20000504                __malloc_sbrk_base
                0x20000508                __malloc_trim_threshold
 *(.data*)
 .data.current_heap_end.3233
                0x2000050c        0x4 ./src/init_func.o
 .data.Stat     0x20000510        0x1 ./sd_card/fatfs/sd_spi_stm32.o
 .data.tcpclient_src_port_l
                0x20000511        0x1 ./SERVER/tcpip/ip_arp_udp_tcp.o
 .data.arp_delaycnt
                0x20000512        0x2 ./SERVER/tcpip/ip_arp_udp_tcp.o
 .data.seqnum   0x20000514        0x1 ./SERVER/tcpip/ip_arp_udp_tcp.o
 .data.ipid     0x20000515        0x1 ./SERVER/tcpip/ip_arp_udp_tcp.o
 .data.wwwport_l
                0x20000516        0x1 ./SERVER/tcpip/ip_arp_udp_tcp.o
 *fill*         0x20000517        0x1 00
 .data.dnsip    0x20000518        0x4 ./SERVER/dnslkup.o
 .data.start_web_client
                0x2000051c        0x1 ./SERVER/serverWWW.o
 *fill*         0x2000051d        0x3 00
 .data.myip     0x20000520        0x4 ./SERVER/serverWWW.o
 .data.mymac    0x20000524        0x8 ./SERVER/serverWWW.o
                0x20000524                mymac
 .data.send_ntp_req_from_idle_loop
                0x2000052c        0x1 ./SERVER/serverWWW.o
                0x2000052c                send_ntp_req_from_idle_loop
 *fill*         0x2000052d        0x3 00
 .data.gwip     0x20000530        0x4 ./SERVER/serverWWW.o
 .data.ntpip    0x20000534        0x4 ./SERVER/serverWWW.o
 .data.ADCPrescTable
                0x20000538        0x4 ./Library/STM32F10x_StdPeriph_Driver/src/stm32f10x_rcc.o
 .data.APBAHBPrescTable
                0x2000053c       0x10 ./Library/STM32F10x_StdPeriph_Driver/src/stm32f10x_rcc.o
 .data.ENDLINE  0x2000054c        0x4 ./CMD/cmd.o
                0x2000054c                ENDLINE
                0x20000550                . = ALIGN (0x4)
                0x20000550                _edata = .

.jcr            0x20000550        0x0 load address 0x0800dbfc
 .jcr           0x20000550        0x0 c:/program files/codesourcery/sourcery g++ lite/bin/../lib/gcc/arm-none-eabi/4.4.1/thumb2/crtbegin.o
                0x20000550                . = ALIGN (0x4)

.bss            0x20000550      0x770 load address 0x0800dbfc
                0x20000550                _sbss = .
                0x20000550                __bss_start__ = _sbss
 *(.bss)
 .bss           0x20000550        0x1 c:/program files/codesourcery/sourcery g++ lite/bin/../lib/gcc/arm-none-eabi/4.4.1/thumb2/crtbegin.o
 *fill*         0x20000551        0x3 00
 .bss           0x20000554       0x34 c:/program files/codesourcery/sourcery g++ lite/bin/../lib/gcc/arm-none-eabi/4.4.1/../../../../arm-none-eabi/lib/thumb2\libc.a(lib_a-mallocr.o)
                0x20000554                __malloc_top_pad
                0x20000558                __malloc_current_mallinfo
                0x20000580                __malloc_max_sbrked_mem
                0x20000584                __malloc_max_total_mem
 *(.bss*)
 .bss.TimingDelay
                0x20000588        0x4 ./src/delay.o
 .bss.end       0x2000058c        0x1 ./src/ringbuffer.o
                0x2000058c                end
 .bss.buff_count
                0x2000058d        0x1 ./src/ringbuffer.o
                0x2000058d                buff_count
 .bss.start     0x2000058e        0x1 ./src/ringbuffer.o
                0x2000058e                start
 *fill*         0x2000058f        0x1 00
 .bss.ff_clock.3942
                0x20000590        0x4 ./src/stm32f10x_it.o
 .bss.line_length.3885
                0x20000594        0x1 ./src/stm32f10x_it.o
 *fill*         0x20000595        0x1 00
 .bss.Fsid      0x20000596        0x2 ./sd_card/fatfs/ff.o
 .bss.FatFs     0x20000598        0x4 ./sd_card/fatfs/ff.o
 .bss.Timer1    0x2000059c        0x4 ./sd_card/fatfs/sd_spi_stm32.o
 .bss.Timer2    0x200005a0        0x4 ./sd_card/fatfs/sd_spi_stm32.o
 .bss.pv.3511   0x200005a4        0x4 ./sd_card/fatfs/sd_spi_stm32.o
 .bss.CardType  0x200005a8        0x1 ./sd_card/fatfs/sd_spi_stm32.o
 .bss.Enc28j60Bank
                0x200005a9        0x1 ./enc28j60/enc28j60.o
 *fill*         0x200005aa        0x2 00
 .bss.NextPacketPtr
                0x200005ac        0x4 ./enc28j60/enc28j60.o
 .bss.client_tcp_datafill_callback
                0x200005b0        0x4 ./SERVER/tcpip/ip_arp_udp_tcp.o
 .bss.client_tcp_result_callback
                0x200005b4        0x4 ./SERVER/tcpip/ip_arp_udp_tcp.o
 .bss.client_hoststr
                0x200005b8        0x4 ./SERVER/tcpip/ip_arp_udp_tcp.o
 .bss.info_data_len
                0x200005bc        0x2 ./SERVER/tcpip/ip_arp_udp_tcp.o
 .bss.wwwport_h
                0x200005be        0x1 ./SERVER/tcpip/ip_arp_udp_tcp.o
 .bss.tcp_client_state
                0x200005bf        0x1 ./SERVER/tcpip/ip_arp_udp_tcp.o
 .bss.client_additionalheaderline
                0x200005c0        0x4 ./SERVER/tcpip/ip_arp_udp_tcp.o
 .bss.ipaddr    0x200005c4        0x4 ./SERVER/tcpip/ip_arp_udp_tcp.o
 .bss.bufptr    0x200005c8        0x4 ./SERVER/tcpip/ip_arp_udp_tcp.o
 .bss.icmp_callback
                0x200005cc        0x4 ./SERVER/tcpip/ip_arp_udp_tcp.o
 .bss.browsertype
                0x200005d0        0x1 ./SERVER/tcpip/ip_arp_udp_tcp.o
 *fill*         0x200005d1        0x3 00
 .bss.arpip     0x200005d4        0x4 ./SERVER/tcpip/ip_arp_udp_tcp.o
 .bss.client_urlbuf
                0x200005d8        0x4 ./SERVER/tcpip/ip_arp_udp_tcp.o
 .bss.arp_reference_number
                0x200005dc        0x1 ./SERVER/tcpip/ip_arp_udp_tcp.o
 .bss.tcp_fd    0x200005dd        0x1 ./SERVER/tcpip/ip_arp_udp_tcp.o
 .bss.www_fd    0x200005de        0x1 ./SERVER/tcpip/ip_arp_udp_tcp.o
 *fill*         0x200005df        0x1 00
 .bss.tcp_client_port
                0x200005e0        0x2 ./SERVER/tcpip/ip_arp_udp_tcp.o
 *fill*         0x200005e2        0x2 00
 .bss.client_browser_callback
                0x200005e4        0x4 ./SERVER/tcpip/ip_arp_udp_tcp.o
 .bss.client_urlbuf_var
                0x200005e8        0x4 ./SERVER/tcpip/ip_arp_udp_tcp.o
 .bss.tcp_dst_mac
                0x200005ec        0x8 ./SERVER/tcpip/ip_arp_udp_tcp.o
 .bss.client_postval
                0x200005f4        0x4 ./SERVER/tcpip/ip_arp_udp_tcp.o
 .bss.arpip_state
                0x200005f8        0x1 ./SERVER/tcpip/ip_arp_udp_tcp.o
 *fill*         0x200005f9        0x3 00
 .bss.tcp_otherside_ip
                0x200005fc        0x4 ./SERVER/tcpip/ip_arp_udp_tcp.o
 .bss.macaddr   0x20000600        0x8 ./SERVER/tcpip/ip_arp_udp_tcp.o
 .bss.dns_answerip
                0x20000608        0x4 ./SERVER/dnslkup.o
 .bss.dnstid_l  0x2000060c        0x1 ./SERVER/dnslkup.o
 .bss.dns_ansError
                0x2000060d        0x1 ./SERVER/dnslkup.o
 .bss.haveDNSanswer
                0x2000060e        0x1 ./SERVER/dnslkup.o
 *fill*         0x2000060f        0x1 00
 .bss.gwmac     0x20000610        0x8 ./SERVER/serverWWW.o
 .bss.dns_state
                0x20000618        0x1 ./SERVER/serverWWW.o
 *fill*         0x20000619        0x3 00
 .bss.buf       0x2000061c      0x57c ./SERVER/serverWWW.o
 .bss.pingsrcip
                0x20000b98        0x4 ./SERVER/serverWWW.o
 .bss.cmd_number
                0x20000b9c        0x1 ./SERVER/serverWWW.o
 *fill*         0x20000b9d        0x3 00
 .bss.day       0x20000ba0       0x10 ./SERVER/serverWWW.o
 .bss.switch_state
                0x20000bb0        0x4 ./SERVER/serverWWW.o
 .bss.gStrbuf   0x20000bb4       0x1c ./SERVER/serverWWW.o
 .bss.web_client_attempts
                0x20000bd0        0x1 ./SERVER/serverWWW.o
 *fill*         0x20000bd1        0x3 00
 .bss.clock     0x20000bd4       0x10 ./SERVER/serverWWW.o
 .bss.sec       0x20000be4        0x1 ./SERVER/serverWWW.o
 *fill*         0x20000be5        0x3 00
 .bss.otherside_www_ip
                0x20000be8        0x4 ./SERVER/serverWWW.o
 .bss.web_client_sendok
                0x20000bec        0x1 ./SERVER/serverWWW.o
 .bss.haveNTPanswer
                0x20000bed        0x1 ./SERVER/serverWWW.o
                0x20000bed                haveNTPanswer
 .bss.gw_arp_state
                0x20000bee        0x1 ./SERVER/serverWWW.o
 .bss.terminal_state
                0x20000bef        0x1 ./CMD/cmd.o
 .bss.command_request
                0x20000bf0        0x1 ./CMD/cmd.o
                0x20000bf0                command_request
 .bss.next_day  0x20000bf1        0x1 ./1wire/temp_read.o
 .bss.stan_odczytywania_temp
                0x20000bf2        0x1 ./1wire/temp_read.o
 .bss.liczba_czujnikow_temperatury
                0x20000bf3        0x1 ./1wire/temp_read.o
 *(COMMON)
 COMMON         0x20000bf4       0x50 ./src/ringbuffer.o
                0x20000bf4                buffer
 COMMON         0x20000c44        0x4 ./SERVER/tcpip/ip_arp_udp_tcp.o
                0x20000c44                client_arp_result_callback
 COMMON         0x20000c48       0x64 ./1wire/1wire.o
                0x20000c48                GPIO_InitStructure
                0x20000c4c                gSensorIDs
 COMMON         0x20000cac       0x10 ./1wire/temp_read.o
                0x20000cac                temperatura
 COMMON         0x20000cbc        0x4 c:/program files/codesourcery/sourcery g++ lite/bin/../lib/gcc/arm-none-eabi/4.4.1/../../../../arm-none-eabi/lib/thumb2\libc.a(lib_a-reent.o)
                0x20000cbc                errno
                0x20000cc0                . = ALIGN (0x4)
                0x20000cc0                _ebss = .
                0x20000cc0                __bss_end__ = _ebss
                0x20000cc0                PROVIDE (end, _ebss)
                0x20000cc0                PROVIDE (_end, _ebss)

._user_heap_stack
                0x20000cc0      0x400 load address 0x0800e36c
                0x20000cc0                . = ALIGN (0x8)
                0x20000cc0                __heap_start = .
                0x20000cc0                . = (. + _Min_Heap_Size)
                0x20000cc0                __heap_end = .
                0x200010c0                . = (. + _Min_Stack_Size)
 *fill*         0x20000cc0      0x400 00
                0x200010c0                . = ALIGN (0x8)

.memory_b1_text
 *(.mb1text)
 *(.mb1text*)
 *(.mb1rodata)
 *(.mb1rodata*)

/DISCARD/
 libc.a(*)
 libm.a(*)
 libgcc.a(*)

.ARM.attributes
                0x00000000       0x25
 *(.ARM.attributes)
 .ARM.attributes
                0x00000000       0x19 c:/program files/codesourcery/sourcery g++ lite/bin/../lib/gcc/arm-none-eabi/4.4.1/thumb2/crti.o
 .ARM.attributes
                0x00000019       0x29 c:/program files/codesourcery/sourcery g++ lite/bin/../lib/gcc/arm-none-eabi/4.4.1/thumb2/crtbegin.o
 .ARM.attributes
                0x00000042       0x31 ./usart/usart.o
 .ARM.attributes
                0x00000073       0x31 ./src/conversion.o
 .ARM.attributes
                0x000000a4       0x31 ./src/delay.o
 .ARM.attributes
                0x000000d5       0x31 ./src/init_func.o
 .ARM.attributes
                0x00000106       0x31 ./src/min_printf.o
 .ARM.attributes
                0x00000137       0x31 ./src/ringbuffer.o
 .ARM.attributes
                0x00000168       0x31 ./src/stm32f10x_it.o
 .ARM.attributes
                0x00000199       0x31 ./sd_card/fatfs/fattime.o
 .ARM.attributes
                0x000001ca       0x31 ./sd_card/fatfs/ff.o
 .ARM.attributes
                0x000001fb       0x31 ./sd_card/fatfs/sd_spi_stm32.o
 .ARM.attributes
                0x0000022c       0x31 ./rc5/rc5.o
 .ARM.attributes
                0x0000025d       0x31 ./enc28j60/enc28j60.o
 .ARM.attributes
                0x0000028e       0x31 ./enc28j60/spi.o
 .ARM.attributes
                0x000002bf       0x21 ./Setup/startup_stm32f10x_cl.o
 .ARM.attributes
                0x000002e0       0x31 ./SERVER/tcpip/ip_arp_udp_tcp.o
 .ARM.attributes
                0x00000311       0x31 ./SERVER/dhcp_client.o
 .ARM.attributes
                0x00000342       0x31 ./SERVER/dnslkup.o
 .ARM.attributes
                0x00000373       0x31 ./SERVER/serverWWW.o
 .ARM.attributes
                0x000003a4       0x31 ./SERVER/timeconversions.o
 .ARM.attributes
                0x000003d5       0x31 ./SERVER/websrv_help_functions.o
 .ARM.attributes
                0x00000406       0x31 ./RTC/rtc.o
 .ARM.attributes
                0x00000437       0x31 ./Library/STM32F10x_StdPeriph_Driver/src/misc.o
 .ARM.attributes
                0x00000468       0x31 ./Library/STM32F10x_StdPeriph_Driver/src/stm32f10x_adc.o
 .ARM.attributes
                0x00000499       0x31 ./Library/STM32F10x_StdPeriph_Driver/src/stm32f10x_bkp.o
 .ARM.attributes
                0x000004ca       0x31 ./Library/STM32F10x_StdPeriph_Driver/src/stm32f10x_can.o
 .ARM.attributes
                0x000004fb       0x31 ./Library/STM32F10x_StdPeriph_Driver/src/stm32f10x_cec.o
 .ARM.attributes
                0x0000052c       0x31 ./Library/STM32F10x_StdPeriph_Driver/src/stm32f10x_crc.o
 .ARM.attributes
                0x0000055d       0x31 ./Library/STM32F10x_StdPeriph_Driver/src/stm32f10x_dac.o
 .ARM.attributes
                0x0000058e       0x31 ./Library/STM32F10x_StdPeriph_Driver/src/stm32f10x_dbgmcu.o
 .ARM.attributes
                0x000005bf       0x31 ./Library/STM32F10x_StdPeriph_Driver/src/stm32f10x_dma.o
 .ARM.attributes
                0x000005f0       0x31 ./Library/STM32F10x_StdPeriph_Driver/src/stm32f10x_exti.o
 .ARM.attributes
                0x00000621       0x31 ./Library/STM32F10x_StdPeriph_Driver/src/stm32f10x_flash.o
 .ARM.attributes
                0x00000652       0x31 ./Library/STM32F10x_StdPeriph_Driver/src/stm32f10x_fsmc.o
 .ARM.attributes
                0x00000683       0x31 ./Library/STM32F10x_StdPeriph_Driver/src/stm32f10x_gpio.o
 .ARM.attributes
                0x000006b4       0x31 ./Library/STM32F10x_StdPeriph_Driver/src/stm32f10x_i2c.o
 .ARM.attributes
                0x000006e5       0x31 ./Library/STM32F10x_StdPeriph_Driver/src/stm32f10x_iwdg.o
 .ARM.attributes
                0x00000716       0x31 ./Library/STM32F10x_StdPeriph_Driver/src/stm32f10x_pwr.o
 .ARM.attributes
                0x00000747       0x31 ./Library/STM32F10x_StdPeriph_Driver/src/stm32f10x_rcc.o
 .ARM.attributes
                0x00000778       0x31 ./Library/STM32F10x_StdPeriph_Driver/src/stm32f10x_rtc.o
 .ARM.attributes
                0x000007a9       0x31 ./Library/STM32F10x_StdPeriph_Driver/src/stm32f10x_sdio.o
 .ARM.attributes
                0x000007da       0x31 ./Library/STM32F10x_StdPeriph_Driver/src/stm32f10x_spi.o
 .ARM.attributes
                0x0000080b       0x31 ./Library/STM32F10x_StdPeriph_Driver/src/stm32f10x_tim.o
 .ARM.attributes
                0x0000083c       0x31 ./Library/STM32F10x_StdPeriph_Driver/src/stm32f10x_usart.o
 .ARM.attributes
                0x0000086d       0x31 ./Library/STM32F10x_StdPeriph_Driver/src/stm32f10x_wwdg.o
 .ARM.attributes
                0x0000089e       0x31 ./Library/CMSIS/CM3/DeviceSupport/ST/STM32F10x/system_stm32f10x.o
 .ARM.attributes
                0x000008cf       0x31 ./Library/CMSIS/CM3/CoreSupport/core_cm3.o
 .ARM.attributes
                0x00000900       0x31 ./CMD/CMD_commands.o
 .ARM.attributes
                0x00000931       0x31 ./CMD/cmd.o
 .ARM.attributes
                0x00000962       0x31 ./1wire/1wire.o
 .ARM.attributes
                0x00000993       0x31 ./1wire/temp_read.o
 .ARM.attributes
                0x000009c4       0x31 ./main.o
 .ARM.attributes
                0x000009f5       0x29 c:/program files/codesourcery/sourcery g++ lite/bin/../lib/gcc/arm-none-eabi/4.4.1/../../../../arm-none-eabi/lib/thumb2\libc.a(lib_a-atoi.o)
 .ARM.attributes
                0x00000a1e       0x29 c:/program files/codesourcery/sourcery g++ lite/bin/../lib/gcc/arm-none-eabi/4.4.1/../../../../arm-none-eabi/lib/thumb2\libc.a(lib_a-ctype_.o)
 .ARM.attributes
                0x00000a47       0x29 c:/program files/codesourcery/sourcery g++ lite/bin/../lib/gcc/arm-none-eabi/4.4.1/../../../../arm-none-eabi/lib/thumb2\libc.a(lib_a-errno.o)
 .ARM.attributes
                0x00000a70       0x29 c:/program files/codesourcery/sourcery g++ lite/bin/../lib/gcc/arm-none-eabi/4.4.1/../../../../arm-none-eabi/lib/thumb2\libc.a(lib_a-impure.o)
 .ARM.attributes
                0x00000a99       0x29 c:/program files/codesourcery/sourcery g++ lite/bin/../lib/gcc/arm-none-eabi/4.4.1/../../../../arm-none-eabi/lib/thumb2\libc.a(lib_a-init.o)
 .ARM.attributes
                0x00000ac2       0x29 c:/program files/codesourcery/sourcery g++ lite/bin/../lib/gcc/arm-none-eabi/4.4.1/../../../../arm-none-eabi/lib/thumb2\libc.a(lib_a-isblank.o)
 .ARM.attributes
                0x00000aeb       0x29 c:/program files/codesourcery/sourcery g++ lite/bin/../lib/gcc/arm-none-eabi/4.4.1/../../../../arm-none-eabi/lib/thumb2\libc.a(lib_a-memcmp.o)
 .ARM.attributes
                0x00000b14       0x29 c:/program files/codesourcery/sourcery g++ lite/bin/../lib/gcc/arm-none-eabi/4.4.1/../../../../arm-none-eabi/lib/thumb2\libc.a(lib_a-memcpy.o)
 .ARM.attributes
                0x00000b3d       0x29 c:/program files/codesourcery/sourcery g++ lite/bin/../lib/gcc/arm-none-eabi/4.4.1/../../../../arm-none-eabi/lib/thumb2\libc.a(lib_a-sprintf.o)
 .ARM.attributes
                0x00000b66       0x29 c:/program files/codesourcery/sourcery g++ lite/bin/../lib/gcc/arm-none-eabi/4.4.1/../../../../arm-none-eabi/lib/thumb2\libc.a(lib_a-strcmp.o)
 .ARM.attributes
                0x00000b8f       0x29 c:/program files/codesourcery/sourcery g++ lite/bin/../lib/gcc/arm-none-eabi/4.4.1/../../../../arm-none-eabi/lib/thumb2\libc.a(lib_a-strlen.o)
 .ARM.attributes
                0x00000bb8       0x29 c:/program files/codesourcery/sourcery g++ lite/bin/../lib/gcc/arm-none-eabi/4.4.1/../../../../arm-none-eabi/lib/thumb2\libc.a(lib_a-strncmp.o)
 .ARM.attributes
                0x00000be1       0x29 c:/program files/codesourcery/sourcery g++ lite/bin/../lib/gcc/arm-none-eabi/4.4.1/../../../../arm-none-eabi/lib/thumb2\libc.a(lib_a-strtol.o)
 .ARM.attributes
                0x00000c0a       0x29 c:/program files/codesourcery/sourcery g++ lite/bin/../lib/gcc/arm-none-eabi/4.4.1/../../../../arm-none-eabi/lib/thumb2\libc.a(lib_a-svfprintf.o)
 .ARM.attributes
                0x00000c33       0x29 c:/program files/codesourcery/sourcery g++ lite/bin/../lib/gcc/arm-none-eabi/4.4.1/../../../../arm-none-eabi/lib/thumb2\libc.a(lib_a-dtoa.o)
 .ARM.attributes
                0x00000c5c       0x29 c:/program files/codesourcery/sourcery g++ lite/bin/../lib/gcc/arm-none-eabi/4.4.1/../../../../arm-none-eabi/lib/thumb2\libc.a(lib_a-freer.o)
 .ARM.attributes
                0x00000c85       0x29 c:/program files/codesourcery/sourcery g++ lite/bin/../lib/gcc/arm-none-eabi/4.4.1/../../../../arm-none-eabi/lib/thumb2\libc.a(lib_a-locale.o)
 .ARM.attributes
                0x00000cae       0x29 c:/program files/codesourcery/sourcery g++ lite/bin/../lib/gcc/arm-none-eabi/4.4.1/../../../../arm-none-eabi/lib/thumb2\libc.a(lib_a-malloc.o)
 .ARM.attributes
                0x00000cd7       0x29 c:/program files/codesourcery/sourcery g++ lite/bin/../lib/gcc/arm-none-eabi/4.4.1/../../../../arm-none-eabi/lib/thumb2\libc.a(lib_a-mallocr.o)
 .ARM.attributes
                0x00000d00       0x29 c:/program files/codesourcery/sourcery g++ lite/bin/../lib/gcc/arm-none-eabi/4.4.1/../../../../arm-none-eabi/lib/thumb2\libc.a(lib_a-memchr.o)
 .ARM.attributes
                0x00000d29       0x29 c:/program files/codesourcery/sourcery g++ lite/bin/../lib/gcc/arm-none-eabi/4.4.1/../../../../arm-none-eabi/lib/thumb2\libc.a(lib_a-memmove.o)
 .ARM.attributes
                0x00000d52       0x29 c:/program files/codesourcery/sourcery g++ lite/bin/../lib/gcc/arm-none-eabi/4.4.1/../../../../arm-none-eabi/lib/thumb2\libc.a(lib_a-mlock.o)
 .ARM.attributes
                0x00000d7b       0x29 c:/program files/codesourcery/sourcery g++ lite/bin/../lib/gcc/arm-none-eabi/4.4.1/../../../../arm-none-eabi/lib/thumb2\libc.a(lib_a-mprec.o)
 .ARM.attributes
                0x00000da4       0x29 c:/program files/codesourcery/sourcery g++ lite/bin/../lib/gcc/arm-none-eabi/4.4.1/../../../../arm-none-eabi/lib/thumb2\libc.a(lib_a-reallocr.o)
 .ARM.attributes
                0x00000dcd       0x29 c:/program files/codesourcery/sourcery g++ lite/bin/../lib/gcc/arm-none-eabi/4.4.1/../../../../arm-none-eabi/lib/thumb2\libc.a(lib_a-s_isinfd.o)
 .ARM.attributes
                0x00000df6       0x29 c:/program files/codesourcery/sourcery g++ lite/bin/../lib/gcc/arm-none-eabi/4.4.1/../../../../arm-none-eabi/lib/thumb2\libc.a(lib_a-s_isnand.o)
 .ARM.attributes
                0x00000e1f       0x29 c:/program files/codesourcery/sourcery g++ lite/bin/../lib/gcc/arm-none-eabi/4.4.1/../../../../arm-none-eabi/lib/thumb2\libc.a(lib_a-sbrkr.o)
 .ARM.attributes
                0x00000e48       0x29 c:/program files/codesourcery/sourcery g++ lite/bin/../lib/gcc/arm-none-eabi/4.4.1/../../../../arm-none-eabi/lib/thumb2\libc.a(lib_a-callocr.o)
 .ARM.attributes
                0x00000e71       0x29 c:/program files/codesourcery/sourcery g++ lite/bin/../lib/gcc/arm-none-eabi/4.4.1/../../../../arm-none-eabi/lib/thumb2\libc.a(lib_a-memset.o)
 .ARM.attributes
                0x00000e9a       0x29 c:/program files/codesourcery/sourcery g++ lite/bin/../lib/gcc/arm-none-eabi/4.4.1/../../../../arm-none-eabi/lib/thumb2\libc.a(lib_a-reent.o)
 .ARM.attributes
                0x00000ec3       0x1b c:/program files/codesourcery/sourcery g++ lite/bin/../lib/gcc/arm-none-eabi/4.4.1/thumb2\libgcc.a(_udivsi3.o)
 .ARM.attributes
                0x00000ede       0x1b c:/program files/codesourcery/sourcery g++ lite/bin/../lib/gcc/arm-none-eabi/4.4.1/thumb2\libgcc.a(_dvmd_tls.o)
 .ARM.attributes
                0x00000ef9       0x1b c:/program files/codesourcery/sourcery g++ lite/bin/../lib/gcc/arm-none-eabi/4.4.1/thumb2\libgcc.a(_arm_addsubdf3.o)
 .ARM.attributes
                0x00000f14       0x1b c:/program files/codesourcery/sourcery g++ lite/bin/../lib/gcc/arm-none-eabi/4.4.1/thumb2\libgcc.a(_arm_muldivdf3.o)
 .ARM.attributes
                0x00000f2f       0x1b c:/program files/codesourcery/sourcery g++ lite/bin/../lib/gcc/arm-none-eabi/4.4.1/thumb2\libgcc.a(_arm_cmpdf2.o)
 .ARM.attributes
                0x00000f4a       0x1b c:/program files/codesourcery/sourcery g++ lite/bin/../lib/gcc/arm-none-eabi/4.4.1/thumb2\libgcc.a(_arm_fixdfsi.o)
 .ARM.attributes
                0x00000f65       0x1b c:/program files/codesourcery/sourcery g++ lite/bin/../lib/gcc/arm-none-eabi/4.4.1/thumb2\libgcc.a(_aeabi_uldivmod.o)
 .ARM.attributes
                0x00000f80       0x29 c:/program files/codesourcery/sourcery g++ lite/bin/../lib/gcc/arm-none-eabi/4.4.1/thumb2\libgcc.a(bpabi.o)
 .ARM.attributes
                0x00000fa9       0x29 c:/program files/codesourcery/sourcery g++ lite/bin/../lib/gcc/arm-none-eabi/4.4.1/thumb2\libgcc.a(_divdi3.o)
 .ARM.attributes
                0x00000fd2       0x29 c:/program files/codesourcery/sourcery g++ lite/bin/../lib/gcc/arm-none-eabi/4.4.1/thumb2\libgcc.a(_udivdi3.o)
 .ARM.attributes
                0x00000ffb       0x29 c:/program files/codesourcery/sourcery g++ lite/bin/../lib/gcc/arm-none-eabi/4.4.1/thumb2/crtend.o
 .ARM.attributes
                0x00001024       0x19 c:/program files/codesourcery/sourcery g++ lite/bin/../lib/gcc/arm-none-eabi/4.4.1/thumb2/crtn.o
OUTPUT(Mini_server.elf elf32-littlearm)

.debug_abbrev   0x00000000     0x52fc
 .debug_abbrev  0x00000000      0x1b6 ./usart/usart.o
 .debug_abbrev  0x000001b6      0x141 ./src/conversion.o
 .debug_abbrev  0x000002f7      0x1ef ./src/delay.o
 .debug_abbrev  0x000004e6      0x17e ./src/init_func.o
 .debug_abbrev  0x00000664       0xee ./src/min_printf.o
 .debug_abbrev  0x00000752      0x116 ./src/ringbuffer.o
 .debug_abbrev  0x00000868      0x1a9 ./src/stm32f10x_it.o
 .debug_abbrev  0x00000a11       0xdb ./sd_card/fatfs/fattime.o
 .debug_abbrev  0x00000aec      0x356 ./sd_card/fatfs/ff.o
 .debug_abbrev  0x00000e42      0x2db ./sd_card/fatfs/sd_spi_stm32.o
 .debug_abbrev  0x0000111d      0x125 ./rc5/rc5.o
 .debug_abbrev  0x00001242      0x171 ./enc28j60/enc28j60.o
 .debug_abbrev  0x000013b3      0x11d ./enc28j60/spi.o
 .debug_abbrev  0x000014d0       0x12 ./Setup/startup_stm32f10x_cl.o
 .debug_abbrev  0x000014e2      0x27c ./SERVER/tcpip/ip_arp_udp_tcp.o
 .debug_abbrev  0x0000175e      0x1a0 ./SERVER/dhcp_client.o
 .debug_abbrev  0x000018fe      0x163 ./SERVER/dnslkup.o
 .debug_abbrev  0x00001a61      0x294 ./SERVER/serverWWW.o
 .debug_abbrev  0x00001cf5       0xee ./SERVER/timeconversions.o
 .debug_abbrev  0x00001de3      0x158 ./SERVER/websrv_help_functions.o
 .debug_abbrev  0x00001f3b       0xf7 ./RTC/rtc.o
 .debug_abbrev  0x00002032      0x15e ./Library/STM32F10x_StdPeriph_Driver/src/misc.o
 .debug_abbrev  0x00002190      0x1f8 ./Library/STM32F10x_StdPeriph_Driver/src/stm32f10x_adc.o
 .debug_abbrev  0x00002388      0x189 ./Library/STM32F10x_StdPeriph_Driver/src/stm32f10x_bkp.o
 .debug_abbrev  0x00002511      0x214 ./Library/STM32F10x_StdPeriph_Driver/src/stm32f10x_can.o
 .debug_abbrev  0x00002725      0x1c5 ./Library/STM32F10x_StdPeriph_Driver/src/stm32f10x_cec.o
 .debug_abbrev  0x000028ea      0x132 ./Library/STM32F10x_StdPeriph_Driver/src/stm32f10x_crc.o
 .debug_abbrev  0x00002a1c      0x21a ./Library/STM32F10x_StdPeriph_Driver/src/stm32f10x_dac.o
 .debug_abbrev  0x00002c36       0xf6 ./Library/STM32F10x_StdPeriph_Driver/src/stm32f10x_dbgmcu.o
 .debug_abbrev  0x00002d2c      0x18e ./Library/STM32F10x_StdPeriph_Driver/src/stm32f10x_dma.o
 .debug_abbrev  0x00002eba      0x188 ./Library/STM32F10x_StdPeriph_Driver/src/stm32f10x_exti.o
 .debug_abbrev  0x00003042      0x1c2 ./Library/STM32F10x_StdPeriph_Driver/src/stm32f10x_flash.o
 .debug_abbrev  0x00003204      0x1db ./Library/STM32F10x_StdPeriph_Driver/src/stm32f10x_fsmc.o
 .debug_abbrev  0x000033df      0x22d ./Library/STM32F10x_StdPeriph_Driver/src/stm32f10x_gpio.o
 .debug_abbrev  0x0000360c      0x1bd ./Library/STM32F10x_StdPeriph_Driver/src/stm32f10x_i2c.o
 .debug_abbrev  0x000037c9      0x114 ./Library/STM32F10x_StdPeriph_Driver/src/stm32f10x_iwdg.o
 .debug_abbrev  0x000038dd      0x183 ./Library/STM32F10x_StdPeriph_Driver/src/stm32f10x_pwr.o
 .debug_abbrev  0x00003a60      0x1f9 ./Library/STM32F10x_StdPeriph_Driver/src/stm32f10x_rcc.o
 .debug_abbrev  0x00003c59      0x1b3 ./Library/STM32F10x_StdPeriph_Driver/src/stm32f10x_rtc.o
 .debug_abbrev  0x00003e0c      0x221 ./Library/STM32F10x_StdPeriph_Driver/src/stm32f10x_sdio.o
 .debug_abbrev  0x0000402d      0x1bb ./Library/STM32F10x_StdPeriph_Driver/src/stm32f10x_spi.o
 .debug_abbrev  0x000041e8      0x23b ./Library/STM32F10x_StdPeriph_Driver/src/stm32f10x_tim.o
 .debug_abbrev  0x00004423      0x1a2 ./Library/STM32F10x_StdPeriph_Driver/src/stm32f10x_usart.o
 .debug_abbrev  0x000045c5      0x14f ./Library/STM32F10x_StdPeriph_Driver/src/stm32f10x_wwdg.o
 .debug_abbrev  0x00004714      0x18d ./Library/CMSIS/CM3/DeviceSupport/ST/STM32F10x/system_stm32f10x.o
 .debug_abbrev  0x000048a1       0xc5 ./Library/CMSIS/CM3/CoreSupport/core_cm3.o
 .debug_abbrev  0x00004966      0x1f4 ./CMD/CMD_commands.o
 .debug_abbrev  0x00004b5a      0x21f ./CMD/cmd.o
 .debug_abbrev  0x00004d79      0x22a ./1wire/1wire.o
 .debug_abbrev  0x00004fa3      0x1ee ./1wire/temp_read.o
 .debug_abbrev  0x00005191      0x16b ./main.o

.debug_info     0x00000000    0x14f38
 .debug_info    0x00000000      0x4f3 ./usart/usart.o
 .debug_info    0x000004f3      0x28e ./src/conversion.o
 .debug_info    0x00000781      0x916 ./src/delay.o
 .debug_info    0x00001097      0x82f ./src/init_func.o
 .debug_info    0x000018c6      0x145 ./src/min_printf.o
 .debug_info    0x00001a0b      0x1a0 ./src/ringbuffer.o
 .debug_info    0x00001bab      0x619 ./src/stm32f10x_it.o
 .debug_info    0x000021c4      0x1eb ./sd_card/fatfs/fattime.o
 .debug_info    0x000023af     0x17c3 ./sd_card/fatfs/ff.o
 .debug_info    0x00003b72      0x9a5 ./sd_card/fatfs/sd_spi_stm32.o
 .debug_info    0x00004517      0x51c ./rc5/rc5.o
 .debug_info    0x00004a33      0x4a8 ./enc28j60/enc28j60.o
 .debug_info    0x00004edb      0x3fd ./enc28j60/spi.o
 .debug_info    0x000052d8       0x70 ./Setup/startup_stm32f10x_cl.o
 .debug_info    0x00005348     0x1178 ./SERVER/tcpip/ip_arp_udp_tcp.o
 .debug_info    0x000064c0      0x524 ./SERVER/dhcp_client.o
 .debug_info    0x000069e4      0x2ac ./SERVER/dnslkup.o
 .debug_info    0x00006c90      0xb5a ./SERVER/serverWWW.o
 .debug_info    0x000077ea      0x1e8 ./SERVER/timeconversions.o
 .debug_info    0x000079d2      0x31b ./SERVER/websrv_help_functions.o
 .debug_info    0x00007ced      0x212 ./RTC/rtc.o
 .debug_info    0x00007eff      0x513 ./Library/STM32F10x_StdPeriph_Driver/src/misc.o
 .debug_info    0x00008412      0xb8c ./Library/STM32F10x_StdPeriph_Driver/src/stm32f10x_adc.o
 .debug_info    0x00008f9e      0x852 ./Library/STM32F10x_StdPeriph_Driver/src/stm32f10x_bkp.o
 .debug_info    0x000097f0      0xad4 ./Library/STM32F10x_StdPeriph_Driver/src/stm32f10x_can.o
 .debug_info    0x0000a2c4      0x402 ./Library/STM32F10x_StdPeriph_Driver/src/stm32f10x_cec.o
 .debug_info    0x0000a6c6      0x1e8 ./Library/STM32F10x_StdPeriph_Driver/src/stm32f10x_crc.o
 .debug_info    0x0000a8ae      0x641 ./Library/STM32F10x_StdPeriph_Driver/src/stm32f10x_dac.o
 .debug_info    0x0000aeef      0x145 ./Library/STM32F10x_StdPeriph_Driver/src/stm32f10x_dbgmcu.o
 .debug_info    0x0000b034      0x43b ./Library/STM32F10x_StdPeriph_Driver/src/stm32f10x_dma.o
 .debug_info    0x0000b46f      0x339 ./Library/STM32F10x_StdPeriph_Driver/src/stm32f10x_exti.o
 .debug_info    0x0000b7a8      0x7f2 ./Library/STM32F10x_StdPeriph_Driver/src/stm32f10x_flash.o
 .debug_info    0x0000bf9a      0x918 ./Library/STM32F10x_StdPeriph_Driver/src/stm32f10x_fsmc.o
 .debug_info    0x0000c8b2      0x6d3 ./Library/STM32F10x_StdPeriph_Driver/src/stm32f10x_gpio.o
 .debug_info    0x0000cf85      0xae7 ./Library/STM32F10x_StdPeriph_Driver/src/stm32f10x_i2c.o
 .debug_info    0x0000da6c      0x1e0 ./Library/STM32F10x_StdPeriph_Driver/src/stm32f10x_iwdg.o
 .debug_info    0x0000dc4c      0x2bf ./Library/STM32F10x_StdPeriph_Driver/src/stm32f10x_pwr.o
 .debug_info    0x0000df0b      0x8f9 ./Library/STM32F10x_StdPeriph_Driver/src/stm32f10x_rcc.o
 .debug_info    0x0000e804      0x437 ./Library/STM32F10x_StdPeriph_Driver/src/stm32f10x_rtc.o
 .debug_info    0x0000ec3b      0x83d ./Library/STM32F10x_StdPeriph_Driver/src/stm32f10x_sdio.o
 .debug_info    0x0000f478      0x92e ./Library/STM32F10x_StdPeriph_Driver/src/stm32f10x_spi.o
 .debug_info    0x0000fda6     0x1d54 ./Library/STM32F10x_StdPeriph_Driver/src/stm32f10x_tim.o
 .debug_info    0x00011afa      0xa01 ./Library/STM32F10x_StdPeriph_Driver/src/stm32f10x_usart.o
 .debug_info    0x000124fb      0x21c ./Library/STM32F10x_StdPeriph_Driver/src/stm32f10x_wwdg.o
 .debug_info    0x00012717      0x285 ./Library/CMSIS/CM3/DeviceSupport/ST/STM32F10x/system_stm32f10x.o
 .debug_info    0x0001299c      0x535 ./Library/CMSIS/CM3/CoreSupport/core_cm3.o
 .debug_info    0x00012ed1      0x788 ./CMD/CMD_commands.o
 .debug_info    0x00013659      0x80f ./CMD/cmd.o
 .debug_info    0x00013e68      0x5d7 ./1wire/1wire.o
 .debug_info    0x0001443f      0x5bd ./1wire/temp_read.o
 .debug_info    0x000149fc      0x53c ./main.o

.debug_line     0x00000000     0xf7be
 .debug_line    0x00000000      0x542 ./usart/usart.o
 .debug_line    0x00000542      0x55b ./src/conversion.o
 .debug_line    0x00000a9d      0x2fc ./src/delay.o
 .debug_line    0x00000d99      0x5a0 ./src/init_func.o
 .debug_line    0x00001339      0x4b5 ./src/min_printf.o
 .debug_line    0x000017ee      0x1ae ./src/ringbuffer.o
 .debug_line    0x0000199c      0x80e ./src/stm32f10x_it.o
 .debug_line    0x000021aa      0x3b2 ./sd_card/fatfs/fattime.o
 .debug_line    0x0000255c      0x8a9 ./sd_card/fatfs/ff.o
 .debug_line    0x00002e05      0x55a ./sd_card/fatfs/sd_spi_stm32.o
 .debug_line    0x0000335f      0x2be ./rc5/rc5.o
 .debug_line    0x0000361d      0x4f4 ./enc28j60/enc28j60.o
 .debug_line    0x00003b11      0x2be ./enc28j60/spi.o
 .debug_line    0x00003dcf       0x75 ./Setup/startup_stm32f10x_cl.o